2019-05-29T21:34:12.944612+02:00 orcshed kernel: [    0.000000] Linux version 5.0.19_1 (demis@orcshed) (gcc version 8.3.0 (GCC)) #1 SMP Mon May 27 22:01:36 UTC 2019
2019-05-29T21:34:12.945021+02:00 orcshed kernel: [    0.000000] Command line: BOOT_IMAGE=/boot/vmlinuz-5.0.19_1 root=UUID=d5264f31-007d-484f-b057-6c5d14eed5cf ro loglevel=4 slub_debug=P page_poison=1
2019-05-29T21:34:12.945058+02:00 orcshed kernel: [    0.000000] KERNEL supported cpus:
2019-05-29T21:34:12.944566+02:00 orcshed :  [origin software="rsyslogd" swVersion="8.1904.0" x-pid="861" x-info="https://www.rsyslog.com"] start
2019-05-29T21:34:12.945063+02:00 orcshed kernel: [    0.000000]   Intel GenuineIntel
2019-05-29T21:34:12.945070+02:00 orcshed kernel: [    0.000000]   AMD AuthenticAMD
2019-05-29T21:34:12.945074+02:00 orcshed kernel: [    0.000000]   Hygon HygonGenuine
2019-05-29T21:34:12.945077+02:00 orcshed kernel: [    0.000000]   Centaur CentaurHauls
2019-05-29T21:34:12.945080+02:00 orcshed kernel: [    0.000000] x86/fpu: Supporting XSAVE feature 0x001: 'x87 floating point registers'
2019-05-29T21:34:12.945084+02:00 orcshed kernel: [    0.000000] x86/fpu: Supporting XSAVE feature 0x002: 'SSE registers'
2019-05-29T21:34:12.945092+02:00 orcshed kernel: [    0.000000] x86/fpu: Supporting XSAVE feature 0x004: 'AVX registers'
2019-05-29T21:34:12.945100+02:00 orcshed kernel: [    0.000000] x86/fpu: Supporting XSAVE feature 0x008: 'MPX bounds registers'
2019-05-29T21:34:12.945103+02:00 orcshed kernel: [    0.000000] x86/fpu: Supporting XSAVE feature 0x010: 'MPX CSR'
2019-05-29T21:34:12.945106+02:00 orcshed kernel: [    0.000000] x86/fpu: xstate_offset[2]:  576, xstate_sizes[2]:  256
2019-05-29T21:34:12.945110+02:00 orcshed kernel: [    0.000000] x86/fpu: xstate_offset[3]:  832, xstate_sizes[3]:   64
2019-05-29T21:34:12.945114+02:00 orcshed kernel: [    0.000000] x86/fpu: xstate_offset[4]:  896, xstate_sizes[4]:   64
2019-05-29T21:34:12.945117+02:00 orcshed kernel: [    0.000000] x86/fpu: Enabled xstate features 0x1f, context size is 960 bytes, using 'compacted' format.
2019-05-29T21:34:12.945129+02:00 orcshed kernel: [    0.000000] BIOS-provided physical RAM map:
2019-05-29T21:34:12.945133+02:00 orcshed kernel: [    0.000000] BIOS-e820: [mem 0x0000000000000000-0x0000000000057fff] usable
2019-05-29T21:34:12.945135+02:00 orcshed kernel: [    0.000000] BIOS-e820: [mem 0x0000000000058000-0x0000000000058fff] reserved
2019-05-29T21:34:12.945137+02:00 orcshed kernel: [    0.000000] BIOS-e820: [mem 0x0000000000059000-0x000000000009dfff] usable
2019-05-29T21:34:12.945139+02:00 orcshed kernel: [    0.000000] BIOS-e820: [mem 0x000000000009e000-0x00000000000fffff] reserved
2019-05-29T21:34:12.945141+02:00 orcshed kernel: [    0.000000] BIOS-e820: [mem 0x0000000000100000-0x000000008aabafff] usable
2019-05-29T21:34:12.945144+02:00 orcshed kernel: [    0.000000] BIOS-e820: [mem 0x000000008aabb000-0x000000008aabbfff] ACPI NVS
2019-05-29T21:34:12.945184+02:00 orcshed kernel: [    0.000000] BIOS-e820: [mem 0x000000008aabc000-0x000000008aabcfff] reserved
2019-05-29T21:34:12.945188+02:00 orcshed kernel: [    0.000000] BIOS-e820: [mem 0x000000008aabd000-0x000000008bd67fff] usable
2019-05-29T21:34:12.945190+02:00 orcshed kernel: [    0.000000] BIOS-e820: [mem 0x000000008bd68000-0x000000008bddafff] type 20
2019-05-29T21:34:12.945192+02:00 orcshed kernel: [    0.000000] BIOS-e820: [mem 0x000000008bddb000-0x000000008be79fff] reserved
2019-05-29T21:34:12.945195+02:00 orcshed kernel: [    0.000000] BIOS-e820: [mem 0x000000008be7a000-0x000000008be9ffff] ACPI NVS
2019-05-29T21:34:12.945197+02:00 orcshed kernel: [    0.000000] BIOS-e820: [mem 0x000000008bea0000-0x000000008befefff] ACPI data
2019-05-29T21:34:12.945206+02:00 orcshed kernel: [    0.000000] BIOS-e820: [mem 0x000000008beff000-0x000000008befffff] usable
2019-05-29T21:34:12.945208+02:00 orcshed kernel: [    0.000000] BIOS-e820: [mem 0x000000008bf00000-0x000000008f7fffff] reserved
2019-05-29T21:34:12.945210+02:00 orcshed kernel: [    0.000000] BIOS-e820: [mem 0x00000000e0000000-0x00000000efffffff] reserved
2019-05-29T21:34:12.945212+02:00 orcshed kernel: [    0.000000] BIOS-e820: [mem 0x00000000fe010000-0x00000000fe010fff] reserved
2019-05-29T21:34:12.945214+02:00 orcshed kernel: [    0.000000] BIOS-e820: [mem 0x0000000100000000-0x000000026f7fffff] usable
2019-05-29T21:34:12.945216+02:00 orcshed kernel: [    0.000000] NX (Execute Disable) protection: active
2019-05-29T21:34:12.945218+02:00 orcshed kernel: [    0.000000] efi: EFI v2.70 by MSFT
2019-05-29T21:34:12.945227+02:00 orcshed kernel: [    0.000000] efi:  ACPI=0x8befe000  ACPI 2.0=0x8befe014  SMBIOS=0x8bde4000  SMBIOS 3.0=0x8bde2000  MEMATTR=0x89000018  ESRT=0x8bde5598 
2019-05-29T21:34:12.945230+02:00 orcshed kernel: [    0.000000] SMBIOS 3.1.1 present.
2019-05-29T21:34:12.945232+02:00 orcshed kernel: [    0.000000] DMI: Microsoft Corporation Surface Pro 6/Surface Pro 6, BIOS 234.2344.769 09/08/2018
2019-05-29T21:34:12.945234+02:00 orcshed kernel: [    0.000000] tsc: Detected 1800.000 MHz processor
2019-05-29T21:34:12.945263+02:00 orcshed kernel: [    0.001740] last_pfn = 0x26f800 max_arch_pfn = 0x400000000
2019-05-29T21:34:12.945330+02:00 orcshed kernel: [    0.003472] x86/PAT: Configuration [0-7]: WB  WC  UC- UC  WB  WP  UC- WT  
2019-05-29T21:34:12.945332+02:00 orcshed kernel: [    0.003801] last_pfn = 0x8bf00 max_arch_pfn = 0x400000000
2019-05-29T21:34:12.945335+02:00 orcshed kernel: [    0.023375] esrt: Reserving ESRT space from 0x000000008bde5598 to 0x000000008bde5670.
2019-05-29T21:34:12.945338+02:00 orcshed kernel: [    0.023405] check: Scanning 1 areas for low memory corruption
2019-05-29T21:34:12.945340+02:00 orcshed kernel: [    0.023416] Using GB pages for direct mapping
2019-05-29T21:34:12.945376+02:00 orcshed kernel: [    0.024040] Secure boot could not be determined
2019-05-29T21:34:12.945378+02:00 orcshed kernel: [    0.024042] RAMDISK: [mem 0x32b7b000-0x355b4fff]
2019-05-29T21:34:12.945380+02:00 orcshed kernel: [    0.024057] ACPI: Early table checksum verification disabled
2019-05-29T21:34:12.945383+02:00 orcshed kernel: [    0.024060] ACPI: RSDP 0x000000008BEFE014 000024 (v02 MSFT  )
2019-05-29T21:34:12.945385+02:00 orcshed kernel: [    0.024065] ACPI: XSDT 0x000000008BEFD0E8 0000B4 (v01 MSFT   MSFT     00000000 MSFT 0000005F)
2019-05-29T21:34:12.945387+02:00 orcshed kernel: [    0.024072] ACPI: FACP 0x000000008BEDB000 00010C (v05 MSFT   MSFT     00000000 MSFT 0000005F)
2019-05-29T21:34:12.945395+02:00 orcshed kernel: [    0.024079] ACPI: DSDT 0x000000008BEBF000 01725E (v02 MSFT   MSFT     00000000 INTL 20160422)
2019-05-29T21:34:12.945398+02:00 orcshed kernel: [    0.024083] ACPI: FACS 0x000000008BE7F000 000040
2019-05-29T21:34:12.945400+02:00 orcshed kernel: [    0.024087] ACPI: SSDT 0x000000008BEE3000 019652 (v02 DptfTa DptfTabl 00001000 INTL 20160422)
2019-05-29T21:34:12.945403+02:00 orcshed kernel: [    0.024090] ACPI: SSDT 0x000000008BEE2000 000577 (v02 MSFT   Tpm2Tabl 00001000 INTL 20160422)
2019-05-29T21:34:12.945406+02:00 orcshed kernel: [    0.024094] ACPI: TPM2 0x000000008BEE1000 000034 (v03 MSFT   MSFT     00000002 MSFT 0000005F)
2019-05-29T21:34:12.945409+02:00 orcshed kernel: [    0.024098] ACPI: MSDM 0x000000008BEE0000 000055 (v01 MSFT            00000001 MSFT 00000001)
2019-05-29T21:34:12.945421+02:00 orcshed kernel: [    0.024101] ACPI: SSDT 0x000000008BEDC000 00312B (v02 SaSsdt SaSsdt   00003000 INTL 20160422)
2019-05-29T21:34:12.945424+02:00 orcshed kernel: [    0.024105] ACPI: HPET 0x000000008BEDA000 000038 (v01 MSFT   MSFT     00000001 MSFT 0000005F)
2019-05-29T21:34:12.945427+02:00 orcshed kernel: [    0.024109] ACPI: APIC 0x000000008BED9000 00012C (v03 MSFT   MSFT     00000001 MSFT 0000005F)
2019-05-29T21:34:12.945429+02:00 orcshed kernel: [    0.024112] ACPI: MCFG 0x000000008BED8000 00003C (v01 MSFT   MSFT     00000001 MSFT 0000005F)
2019-05-29T21:34:12.945432+02:00 orcshed kernel: [    0.024116] ACPI: LPIT 0x000000008BED7000 000094 (v01 MSFT   MSFT     00000000 MSFT 0000005F)
2019-05-29T21:34:12.945434+02:00 orcshed kernel: [    0.024119] ACPI: SSDT 0x000000008BEBB000 003461 (v02 MSFT   RTD3_CA  00001000 INTL 20160422)
2019-05-29T21:34:12.945437+02:00 orcshed kernel: [    0.024123] ACPI: SSDT 0x000000008BEBA000 0008F2 (v02 MSFT   xh_ca000 00000000 INTL 20160422)
2019-05-29T21:34:12.945449+02:00 orcshed kernel: [    0.024127] ACPI: SSDT 0x000000008BEB8000 0017AE (v02 CpuRef CpuSsdt  00003000 INTL 20160422)
2019-05-29T21:34:12.945468+02:00 orcshed kernel: [    0.024130] ACPI: DMAR 0x000000008BEB7000 00015C (v01 MSFT   MSFT     00000001 INTL 00000001)
2019-05-29T21:34:12.945472+02:00 orcshed kernel: [    0.024134] ACPI: NHLT 0x000000008BEB6000 00002D (v00 MSFT   MSFT     00000002 MSFT 0000005F)
2019-05-29T21:34:12.945476+02:00 orcshed kernel: [    0.024137] ACPI: FPDT 0x000000008BEB5000 000034 (v01 MSFT   MSFT     00000002 MSFT 0000005F)
2019-05-29T21:34:12.945479+02:00 orcshed kernel: [    0.024141] ACPI: BGRT 0x000000008BEB4000 000038 (v01 MSFT   MSFT     00000002 MSFT 0000005F)
2019-05-29T21:34:12.945482+02:00 orcshed kernel: [    0.024144] ACPI: WSMT 0x000000008BEB3000 000028 (v01 MSFT   MSFT     00000002 MSFT 0000005F)
2019-05-29T21:34:12.945490+02:00 orcshed kernel: [    0.024420] No NUMA configuration found
2019-05-29T21:34:12.945494+02:00 orcshed kernel: [    0.024421] Faking a node at [mem 0x0000000000000000-0x000000026f7fffff]
2019-05-29T21:34:12.945498+02:00 orcshed kernel: [    0.024434] NODE_DATA(0) allocated [mem 0x26f7d5000-0x26f7fffff]
2019-05-29T21:34:12.945503+02:00 orcshed kernel: [    0.024750] Zone ranges:
2019-05-29T21:34:12.945507+02:00 orcshed kernel: [    0.024751]   DMA      [mem 0x0000000000001000-0x0000000000ffffff]
2019-05-29T21:34:12.945530+02:00 orcshed kernel: [    0.024753]   DMA32    [mem 0x0000000001000000-0x00000000ffffffff]
2019-05-29T21:34:12.945534+02:00 orcshed kernel: [    0.024754]   Normal   [mem 0x0000000100000000-0x000000026f7fffff]
2019-05-29T21:34:12.945538+02:00 orcshed kernel: [    0.024756]   Device   empty
2019-05-29T21:34:12.945541+02:00 orcshed kernel: [    0.024757] Movable zone start for each node
2019-05-29T21:34:12.945546+02:00 orcshed kernel: [    0.024762] Early memory node ranges
2019-05-29T21:34:12.945563+02:00 orcshed kernel: [    0.024763]   node   0: [mem 0x0000000000001000-0x0000000000057fff]
2019-05-29T21:34:12.945568+02:00 orcshed kernel: [    0.024764]   node   0: [mem 0x0000000000059000-0x000000000009dfff]
2019-05-29T21:34:12.945572+02:00 orcshed kernel: [    0.024765]   node   0: [mem 0x0000000000100000-0x000000008aabafff]
2019-05-29T21:34:12.945796+02:00 orcshed kernel: [    0.024766]   node   0: [mem 0x000000008aabd000-0x000000008bd67fff]
2019-05-29T21:34:12.945800+02:00 orcshed kernel: [    0.024766]   node   0: [mem 0x000000008beff000-0x000000008befffff]
2019-05-29T21:34:12.945813+02:00 orcshed kernel: [    0.024767]   node   0: [mem 0x0000000100000000-0x000000026f7fffff]
2019-05-29T21:34:12.945816+02:00 orcshed kernel: [    0.025160] Zeroed struct page in unavailable ranges: 17149 pages
2019-05-29T21:34:12.945819+02:00 orcshed kernel: [    0.025162] Initmem setup node 0 [mem 0x0000000000001000-0x000000026f7fffff]
2019-05-29T21:34:12.945856+02:00 orcshed kernel: [    0.106264] Reserving Intel graphics memory at [mem 0x8d800000-0x8f7fffff]
2019-05-29T21:34:12.945860+02:00 orcshed kernel: [    0.106835] ACPI: PM-Timer IO Port: 0x1808
2019-05-29T21:34:12.945875+02:00 orcshed kernel: [    0.106845] ACPI: LAPIC_NMI (acpi_id[0x01] high edge lint[0x1])
2019-05-29T21:34:12.945878+02:00 orcshed kernel: [    0.106846] ACPI: LAPIC_NMI (acpi_id[0x02] high edge lint[0x1])
2019-05-29T21:34:12.945881+02:00 orcshed kernel: [    0.106847] ACPI: LAPIC_NMI (acpi_id[0x03] high edge lint[0x1])
2019-05-29T21:34:12.945884+02:00 orcshed kernel: [    0.106848] ACPI: LAPIC_NMI (acpi_id[0x04] high edge lint[0x1])
2019-05-29T21:34:12.945887+02:00 orcshed kernel: [    0.106849] ACPI: LAPIC_NMI (acpi_id[0x05] high edge lint[0x1])
2019-05-29T21:34:12.945899+02:00 orcshed kernel: [    0.106849] ACPI: LAPIC_NMI (acpi_id[0x06] high edge lint[0x1])
2019-05-29T21:34:12.945903+02:00 orcshed kernel: [    0.106850] ACPI: LAPIC_NMI (acpi_id[0x07] high edge lint[0x1])
2019-05-29T21:34:12.945905+02:00 orcshed kernel: [    0.106851] ACPI: LAPIC_NMI (acpi_id[0x08] high edge lint[0x1])
2019-05-29T21:34:12.945908+02:00 orcshed kernel: [    0.106852] ACPI: LAPIC_NMI (acpi_id[0x09] high edge lint[0x1])
2019-05-29T21:34:12.945911+02:00 orcshed kernel: [    0.106853] ACPI: LAPIC_NMI (acpi_id[0x0a] high edge lint[0x1])
2019-05-29T21:34:12.945914+02:00 orcshed kernel: [    0.106854] ACPI: LAPIC_NMI (acpi_id[0x0b] high edge lint[0x1])
2019-05-29T21:34:12.945916+02:00 orcshed kernel: [    0.106854] ACPI: LAPIC_NMI (acpi_id[0x0c] high edge lint[0x1])
2019-05-29T21:34:12.945931+02:00 orcshed kernel: [    0.106855] ACPI: LAPIC_NMI (acpi_id[0x0d] high edge lint[0x1])
2019-05-29T21:34:12.945990+02:00 orcshed kernel: [    0.106856] ACPI: LAPIC_NMI (acpi_id[0x0e] high edge lint[0x1])
2019-05-29T21:34:12.945993+02:00 orcshed kernel: [    0.106857] ACPI: LAPIC_NMI (acpi_id[0x0f] high edge lint[0x1])
2019-05-29T21:34:12.945996+02:00 orcshed kernel: [    0.106858] ACPI: LAPIC_NMI (acpi_id[0x10] high edge lint[0x1])
2019-05-29T21:34:12.945998+02:00 orcshed kernel: [    0.106886] IOAPIC[0]: apic_id 2, version 32, address 0xfec00000, GSI 0-119
2019-05-29T21:34:12.946001+02:00 orcshed kernel: [    0.106889] ACPI: INT_SRC_OVR (bus 0 bus_irq 0 global_irq 2 dfl dfl)
2019-05-29T21:34:12.946004+02:00 orcshed kernel: [    0.106890] ACPI: INT_SRC_OVR (bus 0 bus_irq 9 global_irq 9 high level)
2019-05-29T21:34:12.946012+02:00 orcshed kernel: [    0.106896] Using ACPI (MADT) for SMP configuration information
2019-05-29T21:34:12.946015+02:00 orcshed kernel: [    0.106898] ACPI: HPET id: 0x8086a201 base: 0xfed00000
2019-05-29T21:34:12.946018+02:00 orcshed kernel: [    0.106912] smpboot: Allowing 8 CPUs, 0 hotplug CPUs
2019-05-29T21:34:12.946020+02:00 orcshed kernel: [    0.106934] PM: Registered nosave memory: [mem 0x00000000-0x00000fff]
2019-05-29T21:34:12.946023+02:00 orcshed kernel: [    0.106936] PM: Registered nosave memory: [mem 0x00058000-0x00058fff]
2019-05-29T21:34:12.946026+02:00 orcshed kernel: [    0.106938] PM: Registered nosave memory: [mem 0x0009e000-0x000fffff]
2019-05-29T21:34:12.946028+02:00 orcshed kernel: [    0.106939] PM: Registered nosave memory: [mem 0x8aabb000-0x8aabbfff]
2019-05-29T21:34:12.946031+02:00 orcshed kernel: [    0.106940] PM: Registered nosave memory: [mem 0x8aabc000-0x8aabcfff]
2019-05-29T21:34:12.946033+02:00 orcshed kernel: [    0.106942] PM: Registered nosave memory: [mem 0x8bd68000-0x8bddafff]
2019-05-29T21:34:12.946036+02:00 orcshed kernel: [    0.106943] PM: Registered nosave memory: [mem 0x8bddb000-0x8be79fff]
2019-05-29T21:34:12.946038+02:00 orcshed kernel: [    0.106944] PM: Registered nosave memory: [mem 0x8be7a000-0x8be9ffff]
2019-05-29T21:34:12.946041+02:00 orcshed kernel: [    0.106944] PM: Registered nosave memory: [mem 0x8bea0000-0x8befefff]
2019-05-29T21:34:12.946045+02:00 orcshed kernel: [    0.106946] PM: Registered nosave memory: [mem 0x8bf00000-0x8f7fffff]
2019-05-29T21:34:12.946047+02:00 orcshed kernel: [    0.106947] PM: Registered nosave memory: [mem 0x8f800000-0xdfffffff]
2019-05-29T21:34:12.946049+02:00 orcshed kernel: [    0.106948] PM: Registered nosave memory: [mem 0xe0000000-0xefffffff]
2019-05-29T21:34:12.946050+02:00 orcshed kernel: [    0.106948] PM: Registered nosave memory: [mem 0xf0000000-0xfe00ffff]
2019-05-29T21:34:12.946053+02:00 orcshed kernel: [    0.106949] PM: Registered nosave memory: [mem 0xfe010000-0xfe010fff]
2019-05-29T21:34:12.946055+02:00 orcshed kernel: [    0.106950] PM: Registered nosave memory: [mem 0xfe011000-0xffffffff]
2019-05-29T21:34:12.946056+02:00 orcshed kernel: [    0.106953] [mem 0x8f800000-0xdfffffff] available for PCI devices
2019-05-29T21:34:12.946058+02:00 orcshed kernel: [    0.106954] Booting paravirtualized kernel on bare hardware
2019-05-29T21:34:12.946061+02:00 orcshed kernel: [    0.106958] clocksource: refined-jiffies: mask: 0xffffffff max_cycles: 0xffffffff, max_idle_ns: 7645519600211568 ns
2019-05-29T21:34:12.946063+02:00 orcshed kernel: [    0.106969] random: get_random_bytes called from start_kernel+0x97/0x516 with crng_init=0
2019-05-29T21:34:12.946066+02:00 orcshed kernel: [    0.106977] setup_percpu: NR_CPUS:8192 nr_cpumask_bits:8 nr_cpu_ids:8 nr_node_ids:1
2019-05-29T21:34:12.946068+02:00 orcshed kernel: [    0.107235] percpu: Embedded 45 pages/cpu s147352 r8192 d28776 u262144
2019-05-29T21:34:12.946074+02:00 orcshed kernel: [    0.107278] Built 1 zonelists, mobility grouping on.  Total pages: 2045462
2019-05-29T21:34:12.946076+02:00 orcshed kernel: [    0.107279] Policy zone: Normal
2019-05-29T21:34:12.946078+02:00 orcshed kernel: [    0.107280] Kernel command line: BOOT_IMAGE=/boot/vmlinuz-5.0.19_1 root=UUID=d5264f31-007d-484f-b057-6c5d14eed5cf ro loglevel=4 slub_debug=P page_poison=1
2019-05-29T21:34:12.946085+02:00 orcshed kernel: [    0.137224] Memory: 7980404K/8311820K available (12291K kernel code, 2315K rwdata, 4124K rodata, 2448K init, 3304K bss, 331416K reserved, 0K cma-reserved)
2019-05-29T21:34:12.946088+02:00 orcshed kernel: [    0.137642] SLUB: HWalign=64, Order=0-3, MinObjects=0, CPUs=8, Nodes=1
2019-05-29T21:34:12.946090+02:00 orcshed kernel: [    0.137649] Kernel/User page tables isolation: enabled
2019-05-29T21:34:12.946092+02:00 orcshed kernel: [    0.137668] ftrace: allocating 40510 entries in 159 pages
2019-05-29T21:34:12.946135+02:00 orcshed kernel: [    0.163395] rcu: Hierarchical RCU implementation.
2019-05-29T21:34:12.946138+02:00 orcshed kernel: [    0.163396] rcu: 	RCU restricting CPUs from NR_CPUS=8192 to nr_cpu_ids=8.
2019-05-29T21:34:12.946141+02:00 orcshed kernel: [    0.163398] 	Tasks RCU enabled.
2019-05-29T21:34:12.946144+02:00 orcshed kernel: [    0.163399] rcu: RCU calculated value of scheduler-enlistment delay is 25 jiffies.
2019-05-29T21:34:12.946147+02:00 orcshed kernel: [    0.163400] rcu: Adjusting geometry for rcu_fanout_leaf=16, nr_cpu_ids=8
2019-05-29T21:34:12.946150+02:00 orcshed kernel: [    0.169234] NR_IRQS: 524544, nr_irqs: 2048, preallocated irqs: 16
2019-05-29T21:34:12.946152+02:00 orcshed kernel: [    0.169797] Console: colour dummy device 80x25
2019-05-29T21:34:12.946155+02:00 orcshed kernel: [    0.169802] printk: console [tty0] enabled
2019-05-29T21:34:12.946158+02:00 orcshed kernel: [    0.169828] ACPI: Core revision 20181213
2019-05-29T21:34:12.946161+02:00 orcshed kernel: [    0.170577] clocksource: hpet: mask: 0xffffffff max_cycles: 0xffffffff, max_idle_ns: 79635855245 ns
2019-05-29T21:34:12.946168+02:00 orcshed kernel: [    0.170657] APIC: Switch to symmetric I/O mode setup
2019-05-29T21:34:12.946170+02:00 orcshed kernel: [    0.170660] DMAR: Host address width 39
2019-05-29T21:34:12.946173+02:00 orcshed kernel: [    0.170661] DMAR: DRHD base: 0x000000fed90000 flags: 0x0
2019-05-29T21:34:12.946177+02:00 orcshed kernel: [    0.170681] DMAR: dmar0: reg_base_addr fed90000 ver 1:0 cap 1c0000c40660462 ecap 19e2ff0505e
2019-05-29T21:34:12.946180+02:00 orcshed kernel: [    0.170682] DMAR: DRHD base: 0x000000fed91000 flags: 0x1
2019-05-29T21:34:12.946184+02:00 orcshed kernel: [    0.170694] DMAR: dmar1: reg_base_addr fed91000 ver 1:0 cap d2008c40660462 ecap f050da
2019-05-29T21:34:12.946187+02:00 orcshed kernel: [    0.170695] DMAR: RMRR base: 0x0000003e2e0000 end: 0x0000003e2fffff
2019-05-29T21:34:12.946190+02:00 orcshed kernel: [    0.170704] DMAR: RMRR base: 0x0000008d000000 end: 0x0000008f7fffff
2019-05-29T21:34:12.946193+02:00 orcshed kernel: [    0.170714] DMAR: ANDD device: 1 name: \_SB.PCI0.I2C0
2019-05-29T21:34:12.946197+02:00 orcshed kernel: [    0.170715] DMAR: ANDD device: 2 name: \_SB.PCI0.I2C1
2019-05-29T21:34:12.946199+02:00 orcshed kernel: [    0.170716] DMAR: ANDD device: 3 name: \_SB.PCI0.I2C2
2019-05-29T21:34:12.946201+02:00 orcshed kernel: [    0.170717] DMAR: ANDD device: 4 name: \_SB.PCI0.I2C3
2019-05-29T21:34:12.946203+02:00 orcshed kernel: [    0.170717] DMAR: ANDD device: 9 name: \_SB.PCI0.UA00
2019-05-29T21:34:12.946205+02:00 orcshed kernel: [    0.170724] DMAR-IR: IOAPIC id 2 under DRHD base  0xfed91000 IOMMU 1
2019-05-29T21:34:12.946208+02:00 orcshed kernel: [    0.170725] DMAR-IR: HPET id 0 under DRHD base 0xfed91000
2019-05-29T21:34:12.946209+02:00 orcshed kernel: [    0.170726] DMAR-IR: Queued invalidation will be enabled to support x2apic and Intr-remapping.
2019-05-29T21:34:12.946212+02:00 orcshed kernel: [    0.172428] DMAR-IR: Enabled IRQ remapping in x2apic mode
2019-05-29T21:34:12.946214+02:00 orcshed kernel: [    0.172430] x2apic enabled
2019-05-29T21:34:12.946216+02:00 orcshed kernel: [    0.172450] Switched APIC routing to cluster x2apic.
2019-05-29T21:34:12.946218+02:00 orcshed kernel: [    0.176632] ..TIMER: vector=0x30 apic1=0 pin1=2 apic2=-1 pin2=-1
2019-05-29T21:34:12.946220+02:00 orcshed kernel: [    0.194626] clocksource: tsc-early: mask: 0xffffffffffffffff max_cycles: 0x19f2297dd97, max_idle_ns: 440795236593 ns
2019-05-29T21:34:12.946223+02:00 orcshed kernel: [    0.194643] Calibrating delay loop (skipped), value calculated using timer frequency.. 3600.00 BogoMIPS (lpj=7200000)
2019-05-29T21:34:12.946226+02:00 orcshed kernel: [    0.194647] pid_max: default: 32768 minimum: 301
2019-05-29T21:34:12.946228+02:00 orcshed kernel: [    0.198484] LSM: Security Framework initializing
2019-05-29T21:34:12.946230+02:00 orcshed kernel: [    0.198495] Yama: becoming mindful.
2019-05-29T21:34:12.946232+02:00 orcshed kernel: [    0.198508] SELinux:  Disabled at boot.
2019-05-29T21:34:12.946234+02:00 orcshed kernel: [    0.198510] AppArmor: AppArmor disabled by boot time parameter
2019-05-29T21:34:12.946236+02:00 orcshed kernel: [    0.199974] Dentry cache hash table entries: 1048576 (order: 11, 8388608 bytes)
2019-05-29T21:34:12.946238+02:00 orcshed kernel: [    0.200676] Inode-cache hash table entries: 524288 (order: 10, 4194304 bytes)
2019-05-29T21:34:12.946240+02:00 orcshed kernel: [    0.200717] Mount-cache hash table entries: 16384 (order: 5, 131072 bytes)
2019-05-29T21:34:12.946384+02:00 orcshed kernel: [    0.200750] Mountpoint-cache hash table entries: 16384 (order: 5, 131072 bytes)
2019-05-29T21:34:12.946402+02:00 orcshed kernel: [    0.201280] ENERGY_PERF_BIAS: Set to 'normal', was 'performance'
2019-05-29T21:34:12.946406+02:00 orcshed kernel: [    0.201281] ENERGY_PERF_BIAS: View and update with x86_energy_perf_policy(8)
2019-05-29T21:34:12.946408+02:00 orcshed kernel: [    0.201293] mce: CPU supports 10 MCE banks
2019-05-29T21:34:12.946411+02:00 orcshed kernel: [    0.201322] mce: CPU0: Thermal monitoring enabled (TM1)
2019-05-29T21:34:12.946413+02:00 orcshed kernel: [    0.201353] process: using mwait in idle threads
2019-05-29T21:34:12.946415+02:00 orcshed kernel: [    0.201356] Last level iTLB entries: 4KB 64, 2MB 8, 4MB 8
2019-05-29T21:34:12.946418+02:00 orcshed kernel: [    0.201357] Last level dTLB entries: 4KB 64, 2MB 0, 4MB 0, 1GB 4
2019-05-29T21:34:12.946423+02:00 orcshed kernel: [    0.201359] Spectre V2 : Mitigation: Full generic retpoline
2019-05-29T21:34:12.946426+02:00 orcshed kernel: [    0.201360] Spectre V2 : Spectre v2 / SpectreRSB mitigation: Filling RSB on context switch
2019-05-29T21:34:12.946430+02:00 orcshed kernel: [    0.201361] Spectre V2 : Enabling Restricted Speculation for firmware calls
2019-05-29T21:34:12.946433+02:00 orcshed kernel: [    0.201369] Spectre V2 : mitigation: Enabling conditional Indirect Branch Prediction Barrier
2019-05-29T21:34:12.946435+02:00 orcshed kernel: [    0.201370] Spectre V2 : User space: Mitigation: STIBP via seccomp and prctl
2019-05-29T21:34:12.946438+02:00 orcshed kernel: [    0.201371] Speculative Store Bypass: Mitigation: Speculative Store Bypass disabled via prctl and seccomp
2019-05-29T21:34:12.946440+02:00 orcshed kernel: [    0.201407] MDS: Vulnerable: Clear CPU buffers attempted, no microcode
2019-05-29T21:34:12.946442+02:00 orcshed kernel: [    0.201768] Freeing SMP alternatives memory: 36K
2019-05-29T21:34:12.946454+02:00 orcshed kernel: [    0.204915] smpboot: CPU0: Intel(R) Core(TM) i5-8250U CPU @ 1.60GHz (family: 0x6, model: 0x8e, stepping: 0xa)
2019-05-29T21:34:12.946458+02:00 orcshed kernel: [    0.205095] Performance Events: PEBS fmt3+, Skylake events, 32-deep LBR, full-width counters, Intel PMU driver.
2019-05-29T21:34:12.946461+02:00 orcshed kernel: [    0.205144] ... version:                4
2019-05-29T21:34:12.946464+02:00 orcshed kernel: [    0.205145] ... bit width:              48
2019-05-29T21:34:12.946467+02:00 orcshed kernel: [    0.205146] ... generic registers:      4
2019-05-29T21:34:12.946471+02:00 orcshed kernel: [    0.205147] ... value mask:             0000ffffffffffff
2019-05-29T21:34:12.946474+02:00 orcshed kernel: [    0.205148] ... max period:             00007fffffffffff
2019-05-29T21:34:12.946476+02:00 orcshed kernel: [    0.205148] ... fixed-purpose events:   3
2019-05-29T21:34:12.946478+02:00 orcshed kernel: [    0.205149] ... event mask:             000000070000000f
2019-05-29T21:34:12.946480+02:00 orcshed kernel: [    0.205218] rcu: Hierarchical SRCU implementation.
2019-05-29T21:34:12.946483+02:00 orcshed kernel: [    0.206628] NMI watchdog: Enabled. Permanently consumes one hw-PMU counter.
2019-05-29T21:34:12.946485+02:00 orcshed kernel: [    0.206628] smp: Bringing up secondary CPUs ...
2019-05-29T21:34:12.946497+02:00 orcshed kernel: [    0.206628] x86: Booting SMP configuration:
2019-05-29T21:34:12.946500+02:00 orcshed kernel: [    0.206628] .... node  #0, CPUs:      #1 #2 #3 #4
2019-05-29T21:34:12.946503+02:00 orcshed kernel: [    0.207550] MDS CPU bug present and SMT on, data leak possible. See https://www.kernel.org/doc/html/latest/admin-guide/hw-vuln/mds.html for more details.
2019-05-29T21:34:12.946507+02:00 orcshed kernel: [    0.207550]  #5 #6 #7
2019-05-29T21:34:12.946510+02:00 orcshed kernel: [    0.211459] smp: Brought up 1 node, 8 CPUs
2019-05-29T21:34:12.946512+02:00 orcshed kernel: [    0.211459] smpboot: Max logical packages: 1
2019-05-29T21:34:12.946514+02:00 orcshed kernel: [    0.211459] smpboot: Total of 8 processors activated (28800.00 BogoMIPS)
2019-05-29T21:34:12.946517+02:00 orcshed kernel: [    0.216110] devtmpfs: initialized
2019-05-29T21:34:12.946519+02:00 orcshed kernel: [    0.216110] x86/mm: Memory block size: 128MB
2019-05-29T21:34:12.946522+02:00 orcshed kernel: [    0.219333] PM: Registering ACPI NVS region [mem 0x8aabb000-0x8aabbfff] (4096 bytes)
2019-05-29T21:34:12.946524+02:00 orcshed kernel: [    0.219333] PM: Registering ACPI NVS region [mem 0x8be7a000-0x8be9ffff] (155648 bytes)
2019-05-29T21:34:12.946526+02:00 orcshed kernel: [    0.219333] clocksource: jiffies: mask: 0xffffffff max_cycles: 0xffffffff, max_idle_ns: 7645041785100000 ns
2019-05-29T21:34:12.946529+02:00 orcshed kernel: [    0.219333] futex hash table entries: 2048 (order: 5, 131072 bytes)
2019-05-29T21:34:12.946531+02:00 orcshed kernel: [    0.219333] pinctrl core: initialized pinctrl subsystem
2019-05-29T21:34:12.946533+02:00 orcshed kernel: [    0.219333] RTC time: 19:34:03, date: 2019-05-29
2019-05-29T21:34:12.946535+02:00 orcshed kernel: [    0.219349] NET: Registered protocol family 16
2019-05-29T21:34:12.946537+02:00 orcshed kernel: [    0.219903] audit: initializing netlink subsys (disabled)
2019-05-29T21:34:12.946540+02:00 orcshed kernel: [    0.219928] audit: type=2000 audit(1559158443.052:1): state=initialized audit_enabled=0 res=1
2019-05-29T21:34:12.946542+02:00 orcshed kernel: [    0.219928] cpuidle: using governor ladder
2019-05-29T21:34:12.946557+02:00 orcshed kernel: [    0.219928] cpuidle: using governor menu
2019-05-29T21:34:12.946560+02:00 orcshed kernel: [    0.219928] ACPI: bus type PCI registered
2019-05-29T21:34:12.946563+02:00 orcshed kernel: [    0.219928] acpiphp: ACPI Hot Plug PCI Controller Driver version: 0.5
2019-05-29T21:34:12.946566+02:00 orcshed kernel: [    0.219928] PCI: MMCONFIG for domain 0000 [bus 00-ff] at [mem 0xe0000000-0xefffffff] (base 0xe0000000)
2019-05-29T21:34:12.946570+02:00 orcshed kernel: [    0.219928] PCI: MMCONFIG at [mem 0xe0000000-0xefffffff] reserved in E820
2019-05-29T21:34:12.946572+02:00 orcshed kernel: [    0.219928] PCI: Using configuration type 1 for base access
2019-05-29T21:34:12.946575+02:00 orcshed kernel: [    0.228165] HugeTLB registered 1.00 GiB page size, pre-allocated 0 pages
2019-05-29T21:34:12.946578+02:00 orcshed kernel: [    0.228165] HugeTLB registered 2.00 MiB page size, pre-allocated 0 pages
2019-05-29T21:34:12.946581+02:00 orcshed kernel: [    0.228165] ACPI: Added _OSI(Module Device)
2019-05-29T21:34:12.946584+02:00 orcshed kernel: [    0.228165] ACPI: Added _OSI(Processor Device)
2019-05-29T21:34:12.946586+02:00 orcshed kernel: [    0.228165] ACPI: Added _OSI(3.0 _SCP Extensions)
2019-05-29T21:34:12.946589+02:00 orcshed kernel: [    0.228165] ACPI: Added _OSI(Processor Aggregator Device)
2019-05-29T21:34:12.946591+02:00 orcshed kernel: [    0.228165] ACPI: Added _OSI(Linux-Dell-Video)
2019-05-29T21:34:12.946593+02:00 orcshed kernel: [    0.228165] ACPI: Added _OSI(Linux-Lenovo-NV-HDMI-Audio)
2019-05-29T21:34:12.946596+02:00 orcshed kernel: [    0.228165] ACPI: Added _OSI(Linux-HPI-Hybrid-Graphics)
2019-05-29T21:34:12.946598+02:00 orcshed kernel: [    0.378657] ACPI: 7 ACPI AML tables successfully acquired and loaded
2019-05-29T21:34:12.946600+02:00 orcshed kernel: [    0.389576] ACPI: [Firmware Bug]: BIOS _OSI(Linux) query ignored
2019-05-29T21:34:12.946602+02:00 orcshed kernel: [    0.399891] ACPI: Dynamic OEM Table Load:
2019-05-29T21:34:12.946604+02:00 orcshed kernel: [    0.399915] ACPI: SSDT 0xFFFF8BD9255C2020 00058B (v02 PmRef  Cpu0Ist  00003000 INTL 20160422)
2019-05-29T21:34:12.946623+02:00 orcshed kernel: [    0.402234] ACPI: \_PR_.PR00: _OSC native thermal LVT Acked
2019-05-29T21:34:12.946626+02:00 orcshed kernel: [    0.407217] ACPI: Dynamic OEM Table Load:
2019-05-29T21:34:12.946629+02:00 orcshed kernel: [    0.407226] ACPI: SSDT 0xFFFF8BD92562DCB8 0003FF (v02 PmRef  Cpu0Cst  00003001 INTL 20160422)
2019-05-29T21:34:12.946632+02:00 orcshed kernel: [    0.408801] ACPI: Dynamic OEM Table Load:
2019-05-29T21:34:12.946634+02:00 orcshed kernel: [    0.408807] ACPI: SSDT 0xFFFF8BD92563F258 0000BA (v02 PmRef  Cpu0Hwp  00003000 INTL 20160422)
2019-05-29T21:34:12.946638+02:00 orcshed kernel: [    0.409522] ACPI: Dynamic OEM Table Load:
2019-05-29T21:34:12.946641+02:00 orcshed kernel: [    0.409529] ACPI: SSDT 0xFFFF8BD9255C0000 000628 (v02 PmRef  HwpLvt   00003000 INTL 20160422)
2019-05-29T21:34:12.946644+02:00 orcshed kernel: [    0.412197] ACPI: Dynamic OEM Table Load:
2019-05-29T21:34:12.946647+02:00 orcshed kernel: [    0.412210] ACPI: SSDT 0xFFFF8BD926D5A010 000D14 (v02 PmRef  ApIst    00003000 INTL 20160422)
2019-05-29T21:34:12.946649+02:00 orcshed kernel: [    0.419190] ACPI: Dynamic OEM Table Load:
2019-05-29T21:34:12.946652+02:00 orcshed kernel: [    0.419197] ACPI: SSDT 0xFFFF8BD92562BC78 000317 (v02 PmRef  ApHwp    00003000 INTL 20160422)
2019-05-29T21:34:12.946654+02:00 orcshed kernel: [    0.420675] ACPI: Dynamic OEM Table Load:
2019-05-29T21:34:12.946657+02:00 orcshed kernel: [    0.420682] ACPI: SSDT 0xFFFF8BD92562D4A8 00030A (v02 PmRef  ApCst    00003000 INTL 20160422)
2019-05-29T21:34:12.946659+02:00 orcshed kernel: [    0.443468] ACPI: Interpreter enabled
2019-05-29T21:34:12.946662+02:00 orcshed kernel: [    0.443606] ACPI: (supports S0 S4 S5)
2019-05-29T21:34:12.946664+02:00 orcshed kernel: [    0.443607] ACPI: Using IOAPIC for interrupt routing
2019-05-29T21:34:12.946666+02:00 orcshed kernel: [    0.443762] PCI: Using host bridge windows from ACPI; if necessary, use "pci=nocrs" and report a bug
2019-05-29T21:34:12.946668+02:00 orcshed kernel: [    0.448665] ACPI: Enabled 9 GPEs in block 00 to 7F
2019-05-29T21:34:12.946670+02:00 orcshed kernel: [    0.489661] ACPI: Power Resource [PX01] (on)
2019-05-29T21:34:12.946672+02:00 orcshed kernel: [    0.490512] ACPI: Power Resource [PX02] (on)
2019-05-29T21:34:12.946675+02:00 orcshed kernel: [    0.491327] ACPI: Power Resource [PX03] (on)
2019-05-29T21:34:12.946677+02:00 orcshed kernel: [    0.492191] ACPI: Power Resource [PX04] (on)
2019-05-29T21:34:12.946679+02:00 orcshed kernel: [    0.493042] ACPI: Power Resource [PX05] (on)
2019-05-29T21:34:12.946681+02:00 orcshed kernel: [    0.493885] ACPI: Power Resource [PX06] (on)
2019-05-29T21:34:12.946683+02:00 orcshed kernel: [    0.494721] ACPI: Power Resource [PX07] (on)
2019-05-29T21:34:12.946701+02:00 orcshed kernel: [    0.505498] ACPI: Power Resource [USBC] (on)
2019-05-29T21:34:12.946704+02:00 orcshed kernel: [    0.508848] ACPI: Power Resource [PXP] (off)
2019-05-29T21:34:12.946707+02:00 orcshed kernel: [    0.519198] ACPI: Power Resource [PXP] (off)
2019-05-29T21:34:12.946710+02:00 orcshed kernel: [    0.520881] ACPI: Power Resource [PRWF] (on)
2019-05-29T21:34:12.946713+02:00 orcshed kernel: [    0.523538] ACPI: Power Resource [PXP] (off)
2019-05-29T21:34:12.946716+02:00 orcshed kernel: [    0.535729] ACPI: Power Resource [PXP] (off)
2019-05-29T21:34:12.946719+02:00 orcshed kernel: [    0.595830] ACPI: Power Resource [CAMP] (on)
2019-05-29T21:34:12.946721+02:00 orcshed kernel: [    0.638588] ACPI: PCI Root Bridge [PCI0] (domain 0000 [bus 00-fe])
2019-05-29T21:34:12.946725+02:00 orcshed kernel: [    0.638600] acpi PNP0A08:00: _OSC: OS supports [ExtendedConfig Segments MSI]
2019-05-29T21:34:12.946728+02:00 orcshed kernel: [    0.639163] acpi PNP0A08:00: PCIe port services disabled; not requesting _OSC control
2019-05-29T21:34:12.946731+02:00 orcshed kernel: [    0.647904] PCI host bridge to bus 0000:00
2019-05-29T21:34:12.946734+02:00 orcshed kernel: [    0.647909] pci_bus 0000:00: root bus resource [io  0x0000-0x0cf7 window]
2019-05-29T21:34:12.946737+02:00 orcshed kernel: [    0.647913] pci_bus 0000:00: root bus resource [io  0x0d00-0xffff window]
2019-05-29T21:34:12.946740+02:00 orcshed kernel: [    0.647916] pci_bus 0000:00: root bus resource [mem 0x000a0000-0x000bffff window]
2019-05-29T21:34:12.946743+02:00 orcshed kernel: [    0.647918] pci_bus 0000:00: root bus resource [mem 0x000c0000-0x000c3fff window]
2019-05-29T21:34:12.946746+02:00 orcshed kernel: [    0.647921] pci_bus 0000:00: root bus resource [mem 0x000c4000-0x000c7fff window]
2019-05-29T21:34:12.946747+02:00 orcshed kernel: [    0.647924] pci_bus 0000:00: root bus resource [mem 0x000c8000-0x000cbfff window]
2019-05-29T21:34:12.946750+02:00 orcshed kernel: [    0.647927] pci_bus 0000:00: root bus resource [mem 0x000cc000-0x000cffff window]
2019-05-29T21:34:12.946752+02:00 orcshed kernel: [    0.647929] pci_bus 0000:00: root bus resource [mem 0x000d0000-0x000d3fff window]
2019-05-29T21:34:12.946754+02:00 orcshed kernel: [    0.647932] pci_bus 0000:00: root bus resource [mem 0x000d4000-0x000d7fff window]
2019-05-29T21:34:12.946755+02:00 orcshed kernel: [    0.647935] pci_bus 0000:00: root bus resource [mem 0x000d8000-0x000dbfff window]
2019-05-29T21:34:12.946757+02:00 orcshed kernel: [    0.647937] pci_bus 0000:00: root bus resource [mem 0x000dc000-0x000dffff window]
2019-05-29T21:34:12.946759+02:00 orcshed kernel: [    0.647940] pci_bus 0000:00: root bus resource [mem 0x000e0000-0x000e3fff window]
2019-05-29T21:34:12.946762+02:00 orcshed kernel: [    0.647942] pci_bus 0000:00: root bus resource [mem 0x000e4000-0x000e7fff window]
2019-05-29T21:34:12.946916+02:00 orcshed kernel: [    0.647944] pci_bus 0000:00: root bus resource [mem 0x000e8000-0x000ebfff window]
2019-05-29T21:34:12.946924+02:00 orcshed kernel: [    0.647947] pci_bus 0000:00: root bus resource [mem 0x000ec000-0x000effff window]
2019-05-29T21:34:12.946926+02:00 orcshed kernel: [    0.647949] pci_bus 0000:00: root bus resource [mem 0x000f0000-0x000fffff window]
2019-05-29T21:34:12.946928+02:00 orcshed kernel: [    0.647952] pci_bus 0000:00: root bus resource [mem 0x8f800000-0xdfffffff window]
2019-05-29T21:34:12.946930+02:00 orcshed kernel: [    0.647954] pci_bus 0000:00: root bus resource [mem 0xfd000000-0xfe7fffff window]
2019-05-29T21:34:12.946932+02:00 orcshed kernel: [    0.647957] pci_bus 0000:00: root bus resource [bus 00-fe]
2019-05-29T21:34:12.946946+02:00 orcshed kernel: [    0.650947] pci 0000:00:02.0: BAR 2: assigned to efifb
2019-05-29T21:34:12.947114+02:00 orcshed kernel: [    0.716412] pci 0000:00:1c.0: PCI bridge to [bus 01]
2019-05-29T21:34:12.947132+02:00 orcshed kernel: [    0.716929] pci 0000:00:1d.0: PCI bridge to [bus 02]
2019-05-29T21:34:12.947137+02:00 orcshed kernel: [    0.725981] ACPI: PCI Interrupt Link [LNKA] (IRQs 3 4 5 6 10 *11 12 14 15)
2019-05-29T21:34:12.947143+02:00 orcshed kernel: [    0.726305] ACPI: PCI Interrupt Link [LNKB] (IRQs 3 4 5 6 *10 11 12 14 15)
2019-05-29T21:34:12.947146+02:00 orcshed kernel: [    0.726626] ACPI: PCI Interrupt Link [LNKC] (IRQs 3 4 5 6 10 *11 12 14 15)
2019-05-29T21:34:12.947149+02:00 orcshed kernel: [    0.726944] ACPI: PCI Interrupt Link [LNKD] (IRQs 3 4 5 6 10 *11 12 14 15)
2019-05-29T21:34:12.947151+02:00 orcshed kernel: [    0.727257] ACPI: PCI Interrupt Link [LNKE] (IRQs 3 4 5 6 10 *11 12 14 15)
2019-05-29T21:34:12.947154+02:00 orcshed kernel: [    0.727577] ACPI: PCI Interrupt Link [LNKF] (IRQs 3 4 5 6 10 *11 12 14 15)
2019-05-29T21:34:12.947156+02:00 orcshed kernel: [    0.727897] ACPI: PCI Interrupt Link [LNKG] (IRQs 3 4 5 6 10 *11 12 14 15)
2019-05-29T21:34:12.947168+02:00 orcshed kernel: [    0.728215] ACPI: PCI Interrupt Link [LNKH] (IRQs 3 4 5 6 10 *11 12 14 15)
2019-05-29T21:34:12.947171+02:00 orcshed kernel: [    0.786092] pci 0000:00:02.0: vgaarb: setting as boot VGA device
2019-05-29T21:34:12.947174+02:00 orcshed kernel: [    0.786092] pci 0000:00:02.0: vgaarb: VGA device added: decodes=io+mem,owns=io+mem,locks=none
2019-05-29T21:34:12.947176+02:00 orcshed kernel: [    0.786092] pci 0000:00:02.0: vgaarb: bridge control possible
2019-05-29T21:34:12.947179+02:00 orcshed kernel: [    0.786092] vgaarb: loaded
2019-05-29T21:34:12.947182+02:00 orcshed kernel: [    0.786926] SCSI subsystem initialized
2019-05-29T21:34:12.947186+02:00 orcshed kernel: [    0.786949] ACPI: bus type USB registered
2019-05-29T21:34:12.947189+02:00 orcshed kernel: [    0.786949] usbcore: registered new interface driver usbfs
2019-05-29T21:34:12.947191+02:00 orcshed kernel: [    0.786949] usbcore: registered new interface driver hub
2019-05-29T21:34:12.947193+02:00 orcshed kernel: [    0.786949] usbcore: registered new device driver usb
2019-05-29T21:34:12.947195+02:00 orcshed kernel: [    0.786949] pps_core: LinuxPPS API ver. 1 registered
2019-05-29T21:34:12.947198+02:00 orcshed kernel: [    0.786949] pps_core: Software ver. 5.3.6 - Copyright 2005-2007 Rodolfo Giometti <giometti@linux.it>
2019-05-29T21:34:12.947201+02:00 orcshed kernel: [    0.786949] PTP clock support registered
2019-05-29T21:34:12.947203+02:00 orcshed kernel: [    0.786949] EDAC MC: Ver: 3.0.0
2019-05-29T21:34:12.947205+02:00 orcshed kernel: [    0.787050] Registered efivars operations
2019-05-29T21:34:12.947207+02:00 orcshed kernel: [    0.790761] PCI: Using ACPI for IRQ routing
2019-05-29T21:34:12.947234+02:00 orcshed kernel: [    0.823661] NetLabel: Initializing
2019-05-29T21:34:12.947236+02:00 orcshed kernel: [    0.823662] NetLabel:  domain hash size = 128
2019-05-29T21:34:12.947240+02:00 orcshed kernel: [    0.823663] NetLabel:  protocols = UNLABELED CIPSOv4 CALIPSO
2019-05-29T21:34:12.947243+02:00 orcshed kernel: [    0.823712] NetLabel:  unlabeled traffic allowed by default
2019-05-29T21:34:12.947246+02:00 orcshed kernel: [    0.823748] hpet0: at MMIO 0xfed00000, IRQs 2, 8, 0, 0, 0, 0, 0, 0
2019-05-29T21:34:12.947249+02:00 orcshed kernel: [    0.823748] hpet0: 8 comparators, 64-bit 24.000000 MHz counter
2019-05-29T21:34:12.947251+02:00 orcshed kernel: [    0.824792] clocksource: Switched to clocksource tsc-early
2019-05-29T21:34:12.947254+02:00 orcshed kernel: [    0.853645] VFS: Disk quotas dquot_6.6.0
2019-05-29T21:34:12.947257+02:00 orcshed kernel: [    0.853668] VFS: Dquot-cache hash table entries: 512 (order 0, 4096 bytes)
2019-05-29T21:34:12.947259+02:00 orcshed kernel: [    0.853871] pnp: PnP ACPI init
2019-05-29T21:34:12.947261+02:00 orcshed kernel: [    0.854430] system 00:00: [mem 0xfd000000-0xfdabffff] has been reserved
2019-05-29T21:34:12.947264+02:00 orcshed kernel: [    0.854439] system 00:00: [mem 0xfdad0000-0xfdadffff] has been reserved
2019-05-29T21:34:12.947266+02:00 orcshed kernel: [    0.854447] system 00:00: [mem 0xfdb00000-0xfdffffff] has been reserved
2019-05-29T21:34:12.947268+02:00 orcshed kernel: [    0.854456] system 00:00: [mem 0xfe000000-0xfe01ffff] could not be reserved
2019-05-29T21:34:12.947270+02:00 orcshed kernel: [    0.854463] system 00:00: [mem 0xfe036000-0xfe03bfff] has been reserved
2019-05-29T21:34:12.947290+02:00 orcshed kernel: [    0.854471] system 00:00: [mem 0xfe03d000-0xfe3fffff] has been reserved
2019-05-29T21:34:12.947293+02:00 orcshed kernel: [    0.854479] system 00:00: [mem 0xfe410000-0xfe7fffff] has been reserved
2019-05-29T21:34:12.947435+02:00 orcshed kernel: [    0.855522] system 00:01: [io  0x2000-0x20fe] has been reserved
2019-05-29T21:34:12.947439+02:00 orcshed kernel: [    0.855933] system 00:02: [io  0x0680-0x069f] has been reserved
2019-05-29T21:34:12.947441+02:00 orcshed kernel: [    0.855940] system 00:02: [io  0xffff] has been reserved
2019-05-29T21:34:12.947443+02:00 orcshed kernel: [    0.855948] system 00:02: [io  0xffff] has been reserved
2019-05-29T21:34:12.947446+02:00 orcshed kernel: [    0.855955] system 00:02: [io  0xffff] has been reserved
2019-05-29T21:34:12.947448+02:00 orcshed kernel: [    0.855962] system 00:02: [io  0x1800-0x18fe] has been reserved
2019-05-29T21:34:12.947450+02:00 orcshed kernel: [    0.855969] system 00:02: [io  0x164e-0x164f] has been reserved
2019-05-29T21:34:12.947456+02:00 orcshed kernel: [    0.856439] system 00:04: [io  0x1854-0x1857] has been reserved
2019-05-29T21:34:12.947460+02:00 orcshed kernel: [    0.867103] system 00:05: [mem 0xfe020000-0xfe021fff] has been reserved
2019-05-29T21:34:12.947462+02:00 orcshed kernel: [    0.867110] system 00:05: [mem 0xfe022000-0xfe023fff] has been reserved
2019-05-29T21:34:12.947464+02:00 orcshed kernel: [    0.867117] system 00:05: [mem 0xfe024000-0xfe025fff] has been reserved
2019-05-29T21:34:12.947466+02:00 orcshed kernel: [    0.867123] system 00:05: [mem 0xfe026000-0xfe027fff] has been reserved
2019-05-29T21:34:12.947468+02:00 orcshed kernel: [    0.867129] system 00:05: [mem 0xfe028000-0xfe029fff] has been reserved
2019-05-29T21:34:12.947470+02:00 orcshed kernel: [    0.867135] system 00:05: [mem 0xfe02a000-0xfe02bfff] has been reserved
2019-05-29T21:34:12.947472+02:00 orcshed kernel: [    0.867142] system 00:05: [mem 0xfe02c000-0xfe02dfff] has been reserved
2019-05-29T21:34:12.947474+02:00 orcshed kernel: [    0.867148] system 00:05: [mem 0xfe02e000-0xfe02ffff] has been reserved
2019-05-29T21:34:12.947476+02:00 orcshed kernel: [    0.867159] system 00:05: [mem 0xfe030000-0xfe031fff] has been reserved
2019-05-29T21:34:12.947478+02:00 orcshed kernel: [    0.867167] system 00:05: [mem 0xfe032000-0xfe033fff] has been reserved
2019-05-29T21:34:12.947480+02:00 orcshed kernel: [    0.867175] system 00:05: [mem 0xfe034000-0xfe035fff] has been reserved
2019-05-29T21:34:12.947485+02:00 orcshed kernel: [    0.869980] system 00:06: [mem 0xfed10000-0xfed17fff] has been reserved
2019-05-29T21:34:12.947487+02:00 orcshed kernel: [    0.869988] system 00:06: [mem 0xfed18000-0xfed18fff] has been reserved
2019-05-29T21:34:12.947495+02:00 orcshed kernel: [    0.869995] system 00:06: [mem 0xfed19000-0xfed19fff] has been reserved
2019-05-29T21:34:12.947497+02:00 orcshed kernel: [    0.870003] system 00:06: [mem 0xe0000000-0xefffffff] has been reserved
2019-05-29T21:34:12.947500+02:00 orcshed kernel: [    0.870010] system 00:06: [mem 0xfed20000-0xfed3ffff] has been reserved
2019-05-29T21:34:12.947502+02:00 orcshed kernel: [    0.870018] system 00:06: [mem 0xfed90000-0xfed93fff] could not be reserved
2019-05-29T21:34:12.947504+02:00 orcshed kernel: [    0.870025] system 00:06: [mem 0xfed45000-0xfed8ffff] has been reserved
2019-05-29T21:34:12.947507+02:00 orcshed kernel: [    0.870033] system 00:06: [mem 0xff000000-0xffffffff] has been reserved
2019-05-29T21:34:12.947510+02:00 orcshed kernel: [    0.870040] system 00:06: [mem 0xfee00000-0xfeefffff] has been reserved
2019-05-29T21:34:12.947512+02:00 orcshed kernel: [    0.870047] system 00:06: [mem 0x8f800000-0x8f81ffff] has been reserved
2019-05-29T21:34:12.947518+02:00 orcshed kernel: [    0.873470] pnp: PnP ACPI: found 7 devices
2019-05-29T21:34:12.947520+02:00 orcshed kernel: [    0.882556] clocksource: acpi_pm: mask: 0xffffff max_cycles: 0xffffff, max_idle_ns: 2085701024 ns
2019-05-29T21:34:12.947523+02:00 orcshed kernel: [    0.882581] pci 0000:00:1c.0: PCI bridge to [bus 01]
2019-05-29T21:34:12.947525+02:00 orcshed kernel: [    0.882589] pci 0000:00:1c.0:   bridge window [mem 0xa1400000-0xa15fffff 64bit pref]
2019-05-29T21:34:12.947528+02:00 orcshed kernel: [    0.882595] pci 0000:00:1d.0: PCI bridge to [bus 02]
2019-05-29T21:34:12.947530+02:00 orcshed kernel: [    0.882599] pci 0000:00:1d.0:   bridge window [mem 0xa1600000-0xa16fffff]
2019-05-29T21:34:12.947610+02:00 orcshed kernel: [    0.884143] NET: Registered protocol family 2
2019-05-29T21:34:12.947613+02:00 orcshed kernel: [    0.884405] tcp_listen_portaddr_hash hash table entries: 4096 (order: 4, 65536 bytes)
2019-05-29T21:34:12.947616+02:00 orcshed kernel: [    0.884445] TCP established hash table entries: 65536 (order: 7, 524288 bytes)
2019-05-29T21:34:12.947619+02:00 orcshed kernel: [    0.884584] TCP bind hash table entries: 65536 (order: 8, 1048576 bytes)
2019-05-29T21:34:12.947622+02:00 orcshed kernel: [    0.884720] TCP: Hash tables configured (established 65536 bind 65536)
2019-05-29T21:34:12.947626+02:00 orcshed kernel: [    0.884787] UDP hash table entries: 4096 (order: 5, 131072 bytes)
2019-05-29T21:34:12.947629+02:00 orcshed kernel: [    0.884820] UDP-Lite hash table entries: 4096 (order: 5, 131072 bytes)
2019-05-29T21:34:12.947633+02:00 orcshed kernel: [    0.885006] NET: Registered protocol family 1
2019-05-29T21:34:12.947635+02:00 orcshed kernel: [    0.885025] pci 0000:00:02.0: Video device with shadowed ROM at [mem 0x000c0000-0x000dffff]
2019-05-29T21:34:12.947640+02:00 orcshed kernel: [    0.886263] Unpacking initramfs...
2019-05-29T21:34:12.947642+02:00 orcshed kernel: [    1.603979] Freeing initrd memory: 43240K
2019-05-29T21:34:12.947644+02:00 orcshed kernel: [    1.604205] DMAR: ACPI device "device:74" under DMAR at fed91000 as 00:15.0
2019-05-29T21:34:12.947647+02:00 orcshed kernel: [    1.604213] DMAR: ACPI device "device:75" under DMAR at fed91000 as 00:15.1
2019-05-29T21:34:12.947649+02:00 orcshed kernel: [    1.604219] DMAR: ACPI device "device:76" under DMAR at fed91000 as 00:15.2
2019-05-29T21:34:12.947651+02:00 orcshed kernel: [    1.604226] DMAR: ACPI device "device:77" under DMAR at fed91000 as 00:15.3
2019-05-29T21:34:12.947654+02:00 orcshed kernel: [    1.604233] DMAR: ACPI device "device:78" under DMAR at fed91000 as 00:1e.0
2019-05-29T21:34:12.947656+02:00 orcshed kernel: [    1.626745] PCI-DMA: Using software bounce buffering for IO (SWIOTLB)
2019-05-29T21:34:12.947658+02:00 orcshed kernel: [    1.626747] software IO TLB: mapped [mem 0x848e8000-0x888e8000] (64MB)
2019-05-29T21:34:12.947660+02:00 orcshed kernel: [    1.627145] clocksource: tsc: mask: 0xffffffffffffffff max_cycles: 0x19f2297dd97, max_idle_ns: 440795236593 ns
2019-05-29T21:34:12.947663+02:00 orcshed kernel: [    1.627165] clocksource: Switched to clocksource tsc
2019-05-29T21:34:12.947665+02:00 orcshed kernel: [    1.627424] check: Scanning for low memory corruption every 60 seconds
2019-05-29T21:34:12.947667+02:00 orcshed kernel: [    1.630850] Initialise system trusted keyrings
2019-05-29T21:34:12.947669+02:00 orcshed kernel: [    1.630873] Key type blacklist registered
2019-05-29T21:34:12.947671+02:00 orcshed kernel: [    1.630934] workingset: timestamp_bits=36 max_order=21 bucket_order=0
2019-05-29T21:34:12.947673+02:00 orcshed kernel: [    1.637021] zbud: loaded
2019-05-29T21:34:12.947715+02:00 orcshed kernel: [    1.638915] squashfs: version 4.0 (2009/01/31) Phillip Lougher
2019-05-29T21:34:12.947717+02:00 orcshed kernel: [    1.639628] fuse init (API version 7.28)
2019-05-29T21:34:12.947720+02:00 orcshed kernel: [    1.673716] Key type asymmetric registered
2019-05-29T21:34:12.947723+02:00 orcshed kernel: [    1.673718] Asymmetric key parser 'x509' registered
2019-05-29T21:34:12.947726+02:00 orcshed kernel: [    1.673752] Block layer SCSI generic (bsg) driver version 0.4 loaded (major 245)
2019-05-29T21:34:12.947728+02:00 orcshed kernel: [    1.674476] efifb: probing for efifb
2019-05-29T21:34:12.947732+02:00 orcshed kernel: [    1.674501] efifb: framebuffer at 0x90000000, using 19520k, total 19520k
2019-05-29T21:34:12.947734+02:00 orcshed kernel: [    1.674502] efifb: mode is 2736x1824x32, linelength=10944, pages=1
2019-05-29T21:34:12.947736+02:00 orcshed kernel: [    1.674503] efifb: scrolling: redraw
2019-05-29T21:34:12.947739+02:00 orcshed kernel: [    1.674504] efifb: Truecolor: size=8:8:8:8, shift=24:16:8:0
2019-05-29T21:34:12.947742+02:00 orcshed kernel: [    1.688283] Console: switching to colour frame buffer device 342x114
2019-05-29T21:34:12.947745+02:00 orcshed kernel: [    1.701797] fb0: EFI VGA frame buffer device
2019-05-29T21:34:12.947754+02:00 orcshed kernel: [    1.704302] ACPI: AC Adapter [ADP1] (off-line)
2019-05-29T21:34:12.947757+02:00 orcshed kernel: [    1.704454] input: Lid Switch as /devices/LNXSYSTM:00/LNXSYBUS:00/PNP0C0D:00/input/input0
2019-05-29T21:34:12.947759+02:00 orcshed kernel: [    1.704473] ACPI: Lid Switch [LID0]
2019-05-29T21:34:12.947761+02:00 orcshed kernel: [    1.710270] Serial: 8250/16550 driver, 32 ports, IRQ sharing enabled
2019-05-29T21:34:12.947763+02:00 orcshed kernel: [    1.715984] Linux agpgart interface v0.103
2019-05-29T21:34:12.947765+02:00 orcshed kernel: [    1.728030] tpm_tis NTC0103:00: 2.0 TPM (device-id 0xFE, rev-id 4)
2019-05-29T21:34:12.947788+02:00 orcshed kernel: [    1.773433] loop: module loaded
2019-05-29T21:34:12.947791+02:00 orcshed kernel: [    1.774659] nvme nvme0: pci function 0000:02:00.0
2019-05-29T21:34:12.947793+02:00 orcshed kernel: [    1.774879] libphy: Fixed MDIO Bus: probed
2019-05-29T21:34:12.947946+02:00 orcshed kernel: [    1.774880] tun: Universal TUN/TAP device driver, 1.6
2019-05-29T21:34:12.947954+02:00 orcshed kernel: [    1.775058] PPP generic driver version 2.4.2
2019-05-29T21:34:12.947957+02:00 orcshed kernel: [    1.775242] ehci_hcd: USB 2.0 'Enhanced' Host Controller (EHCI) Driver
2019-05-29T21:34:12.947959+02:00 orcshed kernel: [    1.775254] ehci-pci: EHCI PCI platform driver
2019-05-29T21:34:12.947962+02:00 orcshed kernel: [    1.775283] ehci-platform: EHCI generic platform driver
2019-05-29T21:34:12.947965+02:00 orcshed kernel: [    1.775318] ohci_hcd: USB 1.1 'Open' Host Controller (OHCI) Driver
2019-05-29T21:34:12.947967+02:00 orcshed kernel: [    1.775321] ohci-pci: OHCI PCI platform driver
2019-05-29T21:34:12.947971+02:00 orcshed kernel: [    1.775339] ohci-platform: OHCI generic platform driver
2019-05-29T21:34:12.947973+02:00 orcshed kernel: [    1.775355] uhci_hcd: USB Universal Host Controller Interface driver
2019-05-29T21:34:12.947975+02:00 orcshed kernel: [    1.776326] xhci_hcd 0000:00:14.0: xHCI Host Controller
2019-05-29T21:34:12.948001+02:00 orcshed kernel: [    1.776345] xhci_hcd 0000:00:14.0: new USB bus registered, assigned bus number 1
2019-05-29T21:34:12.948004+02:00 orcshed kernel: [    1.777454] xhci_hcd 0000:00:14.0: hcc params 0x200077c1 hci version 0x100 quirks 0x0000000081109810
2019-05-29T21:34:12.948009+02:00 orcshed kernel: [    1.777825] usb usb1: New USB device found, idVendor=1d6b, idProduct=0002, bcdDevice= 5.00
2019-05-29T21:34:12.948011+02:00 orcshed kernel: [    1.777827] usb usb1: New USB device strings: Mfr=3, Product=2, SerialNumber=1
2019-05-29T21:34:12.948013+02:00 orcshed kernel: [    1.777828] usb usb1: Product: xHCI Host Controller
2019-05-29T21:34:12.948016+02:00 orcshed kernel: [    1.777830] usb usb1: Manufacturer: Linux 5.0.19_1 xhci-hcd
2019-05-29T21:34:12.948018+02:00 orcshed kernel: [    1.777831] usb usb1: SerialNumber: 0000:00:14.0
2019-05-29T21:34:12.948026+02:00 orcshed kernel: [    1.778115] hub 1-0:1.0: USB hub found
2019-05-29T21:34:12.948029+02:00 orcshed kernel: [    1.778137] hub 1-0:1.0: 12 ports detected
2019-05-29T21:34:12.948032+02:00 orcshed kernel: [    1.787007] xhci_hcd 0000:00:14.0: xHCI Host Controller
2019-05-29T21:34:12.948035+02:00 orcshed kernel: [    1.787013] xhci_hcd 0000:00:14.0: new USB bus registered, assigned bus number 2
2019-05-29T21:34:12.948038+02:00 orcshed kernel: [    1.787018] xhci_hcd 0000:00:14.0: Host supports USB 3.0  SuperSpeed
2019-05-29T21:34:12.948041+02:00 orcshed kernel: [    1.787096] usb usb2: New USB device found, idVendor=1d6b, idProduct=0003, bcdDevice= 5.00
2019-05-29T21:34:12.948044+02:00 orcshed kernel: [    1.787098] usb usb2: New USB device strings: Mfr=3, Product=2, SerialNumber=1
2019-05-29T21:34:12.948046+02:00 orcshed kernel: [    1.787100] usb usb2: Product: xHCI Host Controller
2019-05-29T21:34:12.948049+02:00 orcshed kernel: [    1.787101] usb usb2: Manufacturer: Linux 5.0.19_1 xhci-hcd
2019-05-29T21:34:12.948051+02:00 orcshed kernel: [    1.787102] usb usb2: SerialNumber: 0000:00:14.0
2019-05-29T21:34:12.948053+02:00 orcshed kernel: [    1.787398] hub 2-0:1.0: USB hub found
2019-05-29T21:34:12.948055+02:00 orcshed kernel: [    1.787452] hub 2-0:1.0: 6 ports detected
2019-05-29T21:34:12.948057+02:00 orcshed kernel: [    1.793642] i8042: PNP: No PS/2 controller found.
2019-05-29T21:34:12.948059+02:00 orcshed kernel: [    1.793884] mousedev: PS/2 mouse device common for all mice
2019-05-29T21:34:12.948061+02:00 orcshed kernel: [    1.794205] rtc_cmos 00:03: RTC can wake from S4
2019-05-29T21:34:12.948064+02:00 orcshed kernel: [    1.794804] rtc_cmos 00:03: registered as rtc0
2019-05-29T21:34:12.948066+02:00 orcshed kernel: [    1.794865] rtc_cmos 00:03: alarms up to one month, y3k, 242 bytes nvram
2019-05-29T21:34:12.948068+02:00 orcshed kernel: [    1.794879] i2c /dev entries driver
2019-05-29T21:34:12.948084+02:00 orcshed kernel: [    1.795068] device-mapper: uevent: version 1.0.3
2019-05-29T21:34:12.948087+02:00 orcshed kernel: [    1.795342] device-mapper: ioctl: 4.39.0-ioctl (2018-04-03) initialised: dm-devel@redhat.com
2019-05-29T21:34:12.948090+02:00 orcshed kernel: [    1.795346] intel_pstate: Intel P-state driver initializing
2019-05-29T21:34:12.948094+02:00 orcshed kernel: [    1.796799] intel_pstate: HWP enabled
2019-05-29T21:34:12.948097+02:00 orcshed kernel: [    1.797046] ledtrig-cpu: registered to indicate activity on CPUs
2019-05-29T21:34:12.948100+02:00 orcshed kernel: [    1.797049] EFI Variables Facility v0.08 2004-May-17
2019-05-29T21:34:12.948102+02:00 orcshed kernel: [    1.805062] intel_pmc_core:  initialized
2019-05-29T21:34:12.948105+02:00 orcshed kernel: [    1.805495] NET: Registered protocol family 10
2019-05-29T21:34:12.948109+02:00 orcshed kernel: [    1.809081] Segment Routing with IPv6
2019-05-29T21:34:12.948112+02:00 orcshed kernel: [    1.809100] NET: Registered protocol family 17
2019-05-29T21:34:12.948114+02:00 orcshed kernel: [    1.809187] Key type dns_resolver registered
2019-05-29T21:34:12.948116+02:00 orcshed kernel: [    1.810011] RAS: Correctable Errors collector initialized.
2019-05-29T21:34:12.948118+02:00 orcshed kernel: [    1.810046] microcode: sig=0x806ea, pf=0x80, revision=0x8e
2019-05-29T21:34:12.948121+02:00 orcshed kernel: [    1.810317] microcode: Microcode Update Driver: v2.2.
2019-05-29T21:34:12.948123+02:00 orcshed kernel: [    1.810326] sched_clock: Marking stable (1813386934, -3077261)->(1826109432, -15799759)
2019-05-29T21:34:12.948125+02:00 orcshed kernel: [    1.810669] registered taskstats version 1
2019-05-29T21:34:12.948127+02:00 orcshed kernel: [    1.810681] Loading compiled-in X.509 certificates
2019-05-29T21:34:12.948130+02:00 orcshed kernel: [    1.811748] Loaded X.509 cert 'Build time autogenerated kernel key: 19b790ff09c5b69171f2771a674c7f52aedb5e56'
2019-05-29T21:34:12.948132+02:00 orcshed kernel: [    1.811803] zswap: loaded using pool lzo/zbud
2019-05-29T21:34:12.948134+02:00 orcshed kernel: [    1.814472] Key type big_key registered
2019-05-29T21:34:12.948136+02:00 orcshed kernel: [    1.814475] Key type trusted registered
2019-05-29T21:34:12.948138+02:00 orcshed kernel: [    1.816087] Key type encrypted registered
2019-05-29T21:34:12.948140+02:00 orcshed kernel: [    1.816102] ima: Allocated hash algorithm: sha1
2019-05-29T21:34:12.948142+02:00 orcshed kernel: [    1.845172] No architecture policies found
2019-05-29T21:34:12.948145+02:00 orcshed kernel: [    1.845219] evm: Initialising EVM extended attributes:
2019-05-29T21:34:12.948161+02:00 orcshed kernel: [    1.845220] evm: security.selinux
2019-05-29T21:34:12.948163+02:00 orcshed kernel: [    1.845221] evm: security.SMACK64
2019-05-29T21:34:12.948166+02:00 orcshed kernel: [    1.845221] evm: security.SMACK64EXEC
2019-05-29T21:34:12.948169+02:00 orcshed kernel: [    1.845222] evm: security.SMACK64TRANSMUTE
2019-05-29T21:34:12.948172+02:00 orcshed kernel: [    1.845222] evm: security.SMACK64MMAP
2019-05-29T21:34:12.948175+02:00 orcshed kernel: [    1.845223] evm: security.apparmor
2019-05-29T21:34:12.948179+02:00 orcshed kernel: [    1.845223] evm: security.ima
2019-05-29T21:34:12.948181+02:00 orcshed kernel: [    1.845224] evm: security.capability
2019-05-29T21:34:12.948184+02:00 orcshed kernel: [    1.845225] evm: HMAC attrs: 0x1
2019-05-29T21:34:12.948187+02:00 orcshed kernel: [    1.850472]   Magic number: 3:220:598
2019-05-29T21:34:12.948189+02:00 orcshed kernel: [    1.850691] rtc_cmos 00:03: setting system clock to 2019-05-29T19:34:04 UTC (1559158444)
2019-05-29T21:34:12.948192+02:00 orcshed kernel: [    1.994654] nvme nvme0: 8/0/0 default/read/poll queues
2019-05-29T21:34:12.948195+02:00 orcshed kernel: [    1.996838]  nvme0n1: p1 p2 p3
2019-05-29T21:34:12.948198+02:00 orcshed kernel: [    2.000881] Freeing unused kernel image memory: 2448K
2019-05-29T21:34:12.948201+02:00 orcshed kernel: [    2.018989] Write protecting the kernel read-only data: 20480k
2019-05-29T21:34:12.948204+02:00 orcshed kernel: [    2.019826] Freeing unused kernel image memory: 2016K
2019-05-29T21:34:12.948206+02:00 orcshed kernel: [    2.020409] Freeing unused kernel image memory: 2020K
2019-05-29T21:34:12.948208+02:00 orcshed kernel: [    2.033575] x86/mm: Checked W+X mappings: passed, no W+X pages found.
2019-05-29T21:34:12.948210+02:00 orcshed kernel: [    2.033576] x86/mm: Checking user space page tables
2019-05-29T21:34:12.948212+02:00 orcshed kernel: [    2.045852] x86/mm: Checked W+X mappings: passed, no W+X pages found.
2019-05-29T21:34:12.948214+02:00 orcshed kernel: [    2.045861] Run /init as init process
2019-05-29T21:34:12.948216+02:00 orcshed kernel: [    2.122697] usb 1-7: new full-speed USB device number 2 using xhci_hcd
2019-05-29T21:34:12.948218+02:00 orcshed kernel: [    2.276112] usb 1-7: New USB device found, idVendor=045e, idProduct=09c0, bcdDevice= 0.07
2019-05-29T21:34:12.948238+02:00 orcshed kernel: [    2.276115] usb 1-7: New USB device strings: Mfr=1, Product=2, SerialNumber=0
2019-05-29T21:34:12.948241+02:00 orcshed kernel: [    2.276117] usb 1-7: Product: Surface Type Cover
2019-05-29T21:34:12.948244+02:00 orcshed kernel: [    2.276118] usb 1-7: Manufacturer: Microsoft
2019-05-29T21:34:12.948247+02:00 orcshed kernel: [    2.287984] random: systemd-udevd: uninitialized urandom read (16 bytes read)
2019-05-29T21:34:12.948250+02:00 orcshed kernel: [    2.288015] random: systemd-udevd: uninitialized urandom read (16 bytes read)
2019-05-29T21:34:12.948253+02:00 orcshed kernel: [    2.288034] random: systemd-udevd: uninitialized urandom read (16 bytes read)
2019-05-29T21:34:12.948256+02:00 orcshed kernel: [    2.373353] video: module verification failed: signature and/or required key missing - tainting kernel
2019-05-29T21:34:12.948259+02:00 orcshed kernel: [    2.385125] intel_ish_ipc 0000:00:13.0: enabling device (0000 -> 0002)
2019-05-29T21:34:12.948263+02:00 orcshed kernel: [    2.387074] hidraw: raw HID events driver (C) Jiri Kosina
2019-05-29T21:34:12.948266+02:00 orcshed kernel: [    2.390697] usbcore: registered new interface driver usbhid
2019-05-29T21:34:12.948269+02:00 orcshed kernel: [    2.390698] usbhid: USB HID core driver
2019-05-29T21:34:12.948272+02:00 orcshed kernel: [    2.392113] cryptd: max_cpu_qlen set to 1000
2019-05-29T21:34:12.948274+02:00 orcshed kernel: [    2.397094] kvmgt: Unknown symbol gfn_to_memslot (err -2)
2019-05-29T21:34:12.948276+02:00 orcshed kernel: [    2.397105] kvmgt: Unknown symbol vfio_pin_pages (err -2)
2019-05-29T21:34:12.948278+02:00 orcshed kernel: [    2.397112] kvmgt: Unknown symbol vfio_info_cap_shift (err -2)
2019-05-29T21:34:12.948280+02:00 orcshed kernel: [    2.397119] kvmgt: Unknown symbol vfio_set_irqs_validate_and_prepare (err -2)
2019-05-29T21:34:12.948283+02:00 orcshed kernel: [    2.397127] kvmgt: Unknown symbol vfio_device_put (err -2)
2019-05-29T21:34:12.948285+02:00 orcshed kernel: [    2.397133] kvmgt: Unknown symbol gfn_to_pfn (err -2)
2019-05-29T21:34:12.948287+02:00 orcshed kernel: [    2.397139] kvmgt: Unknown symbol mdev_from_dev (err -2)
2019-05-29T21:34:12.948289+02:00 orcshed kernel: [    2.397148] kvmgt: Unknown symbol kvm_put_kvm (err -2)
2019-05-29T21:34:12.948291+02:00 orcshed kernel: [    2.397156] kvmgt: Unknown symbol kvm_write_guest (err -2)
2019-05-29T21:34:12.948294+02:00 orcshed kernel: [    2.397163] kvmgt: Unknown symbol kvm_slot_page_track_remove_page (err -2)
2019-05-29T21:34:12.948296+02:00 orcshed kernel: [    2.397172] kvmgt: Unknown symbol kvm_page_track_register_notifier (err -2)
2019-05-29T21:34:12.948298+02:00 orcshed kernel: [    2.397180] kvmgt: Unknown symbol mdev_parent_dev (err -2)
2019-05-29T21:34:12.948301+02:00 orcshed kernel: [    2.397187] kvmgt: Unknown symbol vfio_unpin_pages (err -2)
2019-05-29T21:34:12.948320+02:00 orcshed kernel: [    2.397198] kvmgt: Unknown symbol kvm_is_visible_gfn (err -2)
2019-05-29T21:34:12.948323+02:00 orcshed kernel: [    2.397203] kvmgt: Unknown symbol kvm_page_track_unregister_notifier (err -2)
2019-05-29T21:34:12.948326+02:00 orcshed kernel: [    2.397211] kvmgt: Unknown symbol vfio_device_get_from_dev (err -2)
2019-05-29T21:34:12.948329+02:00 orcshed kernel: [    2.397218] kvmgt: Unknown symbol kvm_slot_page_track_add_page (err -2)
2019-05-29T21:34:12.948332+02:00 orcshed kernel: [    2.397228] kvmgt: Unknown symbol vfio_register_notifier (err -2)
2019-05-29T21:34:12.948335+02:00 orcshed kernel: [    2.397233] kvmgt: Unknown symbol vfio_info_add_capability (err -2)
2019-05-29T21:34:12.948338+02:00 orcshed kernel: [    2.397239] kvmgt: Unknown symbol mdev_get_drvdata (err -2)
2019-05-29T21:34:12.948341+02:00 orcshed kernel: [    2.397247] kvmgt: Unknown symbol mdev_register_device (err -2)
2019-05-29T21:34:12.948345+02:00 orcshed kernel: [    2.397255] kvmgt: Unknown symbol mdev_dev (err -2)
2019-05-29T21:34:12.948348+02:00 orcshed kernel: [    2.397260] kvmgt: Unknown symbol mdev_unregister_device (err -2)
2019-05-29T21:34:12.948351+02:00 orcshed kernel: [    2.397267] kvmgt: Unknown symbol vfio_unregister_notifier (err -2)
2019-05-29T21:34:12.948353+02:00 orcshed kernel: [    2.397271] kvmgt: Unknown symbol kvm_read_guest (err -2)
2019-05-29T21:34:12.948356+02:00 orcshed kernel: [    2.397278] kvmgt: Unknown symbol mdev_set_drvdata (err -2)
2019-05-29T21:34:12.948479+02:00 orcshed kernel: [    2.397284] kvmgt: Unknown symbol kvm_get_kvm (err -2)
2019-05-29T21:34:12.948488+02:00 orcshed kernel: [    2.419798] AVX2 version of gcm_enc/dec engaged.
2019-05-29T21:34:12.948491+02:00 orcshed kernel: [    2.419799] AES CTR mode by8 optimization enabled
2019-05-29T21:34:12.948493+02:00 orcshed kernel: [    2.420898] input: Microsoft Surface Type Cover Keyboard as /devices/pci0000:00/0000:00:14.0/usb1/1-7/1-7:1.0/0003:045E:09C0.0001/input/input1
2019-05-29T21:34:12.948501+02:00 orcshed kernel: [    2.443283] fb0: switching to inteldrmfb from EFI VGA
2019-05-29T21:34:12.948522+02:00 orcshed kernel: [    2.443302] Console: switching to colour dummy device 80x25
2019-05-29T21:34:12.948525+02:00 orcshed kernel: [    2.443418] [drm] Replacing VGA console driver
2019-05-29T21:34:12.948527+02:00 orcshed kernel: [    2.445493] [drm] Supports vblank timestamp caching Rev 2 (21.10.2013).
2019-05-29T21:34:12.948528+02:00 orcshed kernel: [    2.445494] [drm] Driver supports precise vblank timestamp query.
2019-05-29T21:34:12.948532+02:00 orcshed kernel: [    2.446270] i915 0000:00:02.0: vgaarb: changed VGA decodes: olddecodes=io+mem,decodes=io+mem:owns=io+mem
2019-05-29T21:34:12.948539+02:00 orcshed kernel: [    2.446682] [drm] Finished loading DMC firmware i915/kbl_dmc_ver1_04.bin (v1.4)
2019-05-29T21:34:12.948543+02:00 orcshed kernel: [    2.479073] input: Microsoft Surface Type Cover Mouse as /devices/pci0000:00/0000:00:14.0/usb1/1-7/1-7:1.0/0003:045E:09C0.0001/input/input2
2019-05-29T21:34:12.948546+02:00 orcshed kernel: [    2.479557] input: Microsoft Surface Type Cover Consumer Control as /devices/pci0000:00/0000:00:14.0/usb1/1-7/1-7:1.0/0003:045E:09C0.0001/input/input3
2019-05-29T21:34:12.948550+02:00 orcshed kernel: [    2.479826] input: Microsoft Surface Type Cover as /devices/pci0000:00/0000:00:14.0/usb1/1-7/1-7:1.0/0003:045E:09C0.0001/input/input4
2019-05-29T21:34:12.948554+02:00 orcshed kernel: [    2.480098] input: Microsoft Surface Type Cover Touchpad as /devices/pci0000:00/0000:00:14.0/usb1/1-7/1-7:1.0/0003:045E:09C0.0001/input/input5
2019-05-29T21:34:12.948566+02:00 orcshed kernel: [    2.480481] input: Microsoft Surface Type Cover as /devices/pci0000:00/0000:00:14.0/usb1/1-7/1-7:1.0/0003:045E:09C0.0001/input/input6
2019-05-29T21:34:12.948570+02:00 orcshed kernel: [    2.480658] input: Microsoft Surface Type Cover as /devices/pci0000:00/0000:00:14.0/usb1/1-7/1-7:1.0/0003:045E:09C0.0001/input/input7
2019-05-29T21:34:12.948573+02:00 orcshed kernel: [    2.480826] input: Microsoft Surface Type Cover as /devices/pci0000:00/0000:00:14.0/usb1/1-7/1-7:1.0/0003:045E:09C0.0001/input/input8
2019-05-29T21:34:12.948575+02:00 orcshed kernel: [    2.481136] hid-generic 0003:045E:09C0.0001: input,hiddev0,hidraw0: USB HID v1.11 Keyboard [Microsoft Surface Type Cover] on usb-0000:00:14.0-7/input0
2019-05-29T21:34:12.948578+02:00 orcshed kernel: [    2.486126] [drm] HuC: Loaded firmware i915/kbl_huc_ver02_00_1810.bin (version 2.0)
2019-05-29T21:34:12.948580+02:00 orcshed kernel: [    2.497342] [drm] GuC: Loaded firmware i915/kbl_guc_ver9_39.bin (version 9.39)
2019-05-29T21:34:12.948582+02:00 orcshed kernel: [    2.506977] i915 0000:00:02.0: GuC firmware version 9.39
2019-05-29T21:34:12.948584+02:00 orcshed kernel: [    2.506979] i915 0000:00:02.0: GuC submission enabled
2019-05-29T21:34:12.948586+02:00 orcshed kernel: [    2.506981] i915 0000:00:02.0: HuC enabled
2019-05-29T21:34:12.948588+02:00 orcshed kernel: [    2.508208] ipts: initializing ipts
2019-05-29T21:34:12.948590+02:00 orcshed kernel: [    2.508429] ipts: Intel iTouch framework initialized
2019-05-29T21:34:12.948592+02:00 orcshed kernel: [    2.511663] [drm] Initialized i915 1.6.0 20181204 for 0000:00:02.0 on minor 0
2019-05-29T21:34:12.948594+02:00 orcshed kernel: [    2.523296] ACPI: Video Device [GFX0] (multi-head: yes  rom: no  post: no)
2019-05-29T21:34:12.948603+02:00 orcshed kernel: [    2.524632] input: Video Bus as /devices/LNXSYSTM:00/LNXSYBUS:00/PNP0A08:00/LNXVIDEO:00/input/input10
2019-05-29T21:34:12.948605+02:00 orcshed kernel: [    2.585200] fbcon: inteldrmfb (fb0) is primary device
2019-05-29T21:34:12.948608+02:00 orcshed kernel: [    2.753721] input: Microsoft Surface Type Cover Keyboard as /devices/pci0000:00/0000:00:14.0/usb1/1-7/1-7:1.0/0003:045E:09C0.0001/input/input11
2019-05-29T21:34:12.948611+02:00 orcshed kernel: [    2.810945] input: Microsoft Surface Type Cover Mouse as /devices/pci0000:00/0000:00:14.0/usb1/1-7/1-7:1.0/0003:045E:09C0.0001/input/input12
2019-05-29T21:34:12.948614+02:00 orcshed kernel: [    2.811236] input: Microsoft Surface Type Cover Consumer Control as /devices/pci0000:00/0000:00:14.0/usb1/1-7/1-7:1.0/0003:045E:09C0.0001/input/input13
2019-05-29T21:34:12.948617+02:00 orcshed kernel: [    2.811423] input: Microsoft Surface Type Cover Touchpad as /devices/pci0000:00/0000:00:14.0/usb1/1-7/1-7:1.0/0003:045E:09C0.0001/input/input15
2019-05-29T21:34:12.948620+02:00 orcshed kernel: [    2.811866] hid-multitouch 0003:045E:09C0.0001: input,hiddev0,hidraw0: USB HID v1.11 Keyboard [Microsoft Surface Type Cover] on usb-0000:00:14.0-7/input0
2019-05-29T21:34:12.948622+02:00 orcshed kernel: [    2.987093] ish-hid {33AECD58-B679-4E54-9BD9-A04D34F0C226}: [hid-ish]: enum_devices_done OK, num_hid_devices=1
2019-05-29T21:34:12.948625+02:00 orcshed kernel: [    2.993329] hid-generic 001F:8086:22D8.0002: hidraw1: <UNKNOWN> HID v2.00 Device [hid-ishtp 8086:22D8] on 
2019-05-29T21:34:12.948627+02:00 orcshed kernel: [    3.441509] EXT4-fs (nvme0n1p2): mounted filesystem with ordered data mode. Opts: (null)
2019-05-29T21:34:12.948629+02:00 orcshed kernel: [    3.442860] random: fast init done
2019-05-29T21:34:12.948632+02:00 orcshed kernel: [    3.483527] EXT4-fs (nvme0n1p2): mounted filesystem with ordered data mode. Opts: (null)
2019-05-29T21:34:12.948644+02:00 orcshed kernel: [    3.688715] Console: switching to colour frame buffer device 342x114
2019-05-29T21:34:12.948647+02:00 orcshed kernel: [    3.720074] i915 0000:00:02.0: fb0: inteldrmfb frame buffer device
2019-05-29T21:34:12.948650+02:00 orcshed kernel: [    3.942632] raid6: avx2x4   gen() 28177 MB/s
2019-05-29T21:34:12.948652+02:00 orcshed kernel: [    4.010633] raid6: avx2x4   xor() 17671 MB/s
2019-05-29T21:34:12.948655+02:00 orcshed kernel: [    4.078633] raid6: avx2x2   gen() 24392 MB/s
2019-05-29T21:34:12.948657+02:00 orcshed kernel: [    4.146631] raid6: avx2x2   xor() 16672 MB/s
2019-05-29T21:34:12.948660+02:00 orcshed kernel: [    4.214631] raid6: avx2x1   gen() 21496 MB/s
2019-05-29T21:34:12.948662+02:00 orcshed kernel: [    4.282631] raid6: avx2x1   xor() 15047 MB/s
2019-05-29T21:34:12.948664+02:00 orcshed kernel: [    4.350633] raid6: sse2x4   gen() 15663 MB/s
2019-05-29T21:34:12.948666+02:00 orcshed kernel: [    4.418631] raid6: sse2x4   xor()  9771 MB/s
2019-05-29T21:34:12.948668+02:00 orcshed kernel: [    4.486634] raid6: sse2x2   gen() 13350 MB/s
2019-05-29T21:34:12.948670+02:00 orcshed kernel: [    4.554633] raid6: sse2x2   xor()  9116 MB/s
2019-05-29T21:34:12.948672+02:00 orcshed kernel: [    4.622637] raid6: sse2x1   gen() 10809 MB/s
2019-05-29T21:34:12.948684+02:00 orcshed kernel: [    4.690632] raid6: sse2x1   xor()  7929 MB/s
2019-05-29T21:34:12.948687+02:00 orcshed kernel: [    4.690632] raid6: using algorithm avx2x4 gen() 28177 MB/s
2019-05-29T21:34:12.948689+02:00 orcshed kernel: [    4.690633] raid6: .... xor() 17671 MB/s, rmw enabled
2019-05-29T21:34:12.948691+02:00 orcshed kernel: [    4.690634] raid6: using avx2x2 recovery algorithm
2019-05-29T21:34:12.948694+02:00 orcshed kernel: [    4.695358] xor: automatically using best checksumming function   avx       
2019-05-29T21:34:12.948696+02:00 orcshed kernel: [    4.716189] Btrfs loaded, crc32c=crc32c-intel
2019-05-29T21:34:12.948699+02:00 orcshed kernel: [    4.722321] VFIO - User Level meta-driver version: 0.3
2019-05-29T21:34:12.948702+02:00 orcshed kernel: [    4.733395] Bluetooth: Core ver 2.22
2019-05-29T21:34:12.948705+02:00 orcshed kernel: [    4.733414] NET: Registered protocol family 31
2019-05-29T21:34:12.948707+02:00 orcshed kernel: [    4.733415] Bluetooth: HCI device and connection manager initialized
2019-05-29T21:34:12.948709+02:00 orcshed kernel: [    4.733418] Bluetooth: HCI socket layer initialized
2019-05-29T21:34:12.948711+02:00 orcshed kernel: [    4.733420] Bluetooth: L2CAP socket layer initialized
2019-05-29T21:34:12.948713+02:00 orcshed kernel: [    4.733422] Bluetooth: SCO socket layer initialized
2019-05-29T21:34:12.948715+02:00 orcshed kernel: [    4.750119] NET: Registered protocol family 40
2019-05-29T21:34:12.948741+02:00 orcshed kernel: [    4.822867] intel-lpss 0000:00:15.0: enabling device (0000 -> 0002)
2019-05-29T21:34:12.948744+02:00 orcshed kernel: [    4.824022] media: Linux media interface: v0.10
2019-05-29T21:34:12.948746+02:00 orcshed kernel: [    4.824904] mei_me 0000:00:16.0: enabling device (0004 -> 0006)
2019-05-29T21:34:12.948748+02:00 orcshed kernel: [    4.825220] proc_thermal 0000:00:04.0: enabling device (0000 -> 0002)
2019-05-29T21:34:12.948751+02:00 orcshed kernel: [    4.828518] proc_thermal 0000:00:04.0: Creating sysfs group for PROC_THERMAL_PCI
2019-05-29T21:34:12.948753+02:00 orcshed kernel: [    4.829829] idma64 idma64.0: Found Intel integrated DMA 64-bit
2019-05-29T21:34:12.948756+02:00 orcshed kernel: [    4.838550] mei_me 0000:00:16.4: enabling device (0004 -> 0006)
2019-05-29T21:34:12.948759+02:00 orcshed kernel: [    4.842057] intel-lpss 0000:00:15.1: enabling device (0000 -> 0002)
2019-05-29T21:34:12.948760+02:00 orcshed kernel: [    4.842584] idma64 idma64.1: Found Intel integrated DMA 64-bit
2019-05-29T21:34:12.948763+02:00 orcshed kernel: [    4.851361] intel-lpss 0000:00:15.2: enabling device (0000 -> 0002)
2019-05-29T21:34:12.948765+02:00 orcshed kernel: [    4.851750] idma64 idma64.2: Found Intel integrated DMA 64-bit
2019-05-29T21:34:12.948766+02:00 orcshed kernel: [    4.864086] input: PC Speaker as /devices/platform/pcspkr/input/input30
2019-05-29T21:34:12.948768+02:00 orcshed kernel: [    4.864132] videodev: Linux video capture interface: v2.00
2019-05-29T21:34:12.948771+02:00 orcshed kernel: [    4.864636] RAPL PMU: API unit is 2^-32 Joules, 5 fixed counters, 655360 ms ovfl timer
2019-05-29T21:34:12.948786+02:00 orcshed kernel: [    4.864637] RAPL PMU: hw unit of domain pp0-core 2^-14 Joules
2019-05-29T21:34:12.948884+02:00 orcshed kernel: [    4.864638] RAPL PMU: hw unit of domain package 2^-14 Joules
2019-05-29T21:34:12.948893+02:00 orcshed kernel: [    4.864638] RAPL PMU: hw unit of domain dram 2^-14 Joules
2019-05-29T21:34:12.948896+02:00 orcshed kernel: [    4.864639] RAPL PMU: hw unit of domain pp1-gpu 2^-14 Joules
2019-05-29T21:34:12.948901+02:00 orcshed kernel: [    4.864640] RAPL PMU: hw unit of domain psys 2^-14 Joules
2019-05-29T21:34:12.948908+02:00 orcshed kernel: [    4.869858] cfg80211: Loading compiled-in X.509 certificates for regulatory database
2019-05-29T21:34:12.948911+02:00 orcshed kernel: [    4.870177] snd_hda_intel 0000:00:1f.3: enabling device (0000 -> 0002)
2019-05-29T21:34:12.948914+02:00 orcshed kernel: [    4.870759] snd_hda_intel 0000:00:1f.3: Linked as a consumer to 0000:00:02.0
2019-05-29T21:34:12.948921+02:00 orcshed kernel: [    4.870791] snd_hda_intel 0000:00:1f.3: bound 0000:00:02.0 (ops i915_audio_component_bind_ops [i915])
2019-05-29T21:34:12.948925+02:00 orcshed kernel: [    4.871423] cfg80211: Loaded X.509 cert 'sforshee: 00b28ddf47aef9cea7'
2019-05-29T21:34:12.948928+02:00 orcshed kernel: [    4.871585] platform regulatory.0: Direct firmware load for regulatory.db failed with error -2
2019-05-29T21:34:12.948931+02:00 orcshed kernel: [    4.871587] cfg80211: failed to load regulatory.db
2019-05-29T21:34:12.948934+02:00 orcshed kernel: [    4.872934] intel-lpss 0000:00:15.3: enabling device (0000 -> 0002)
2019-05-29T21:34:12.948942+02:00 orcshed kernel: [    4.873424] idma64 idma64.3: Found Intel integrated DMA 64-bit
2019-05-29T21:34:12.948944+02:00 orcshed kernel: [    4.876825] ipu3-cio2 0000:00:14.3: enabling device (0000 -> 0002)
2019-05-29T21:34:12.948947+02:00 orcshed kernel: [    4.877203] ipu3-cio2 0000:00:14.3: device 0x9d32 (rev: 0x1)
2019-05-29T21:34:12.948950+02:00 orcshed kernel: [    4.877488] ipu3-cio2 0000:00:14.3: Entity type for entity ipu3-csi2 0 was not initialized!
2019-05-29T21:34:12.948952+02:00 orcshed kernel: [    4.877569] ipu3-cio2 0000:00:14.3: Entity type for entity ipu3-csi2 1 was not initialized!
2019-05-29T21:34:12.948954+02:00 orcshed kernel: [    4.877642] ipu3-cio2 0000:00:14.3: Entity type for entity ipu3-csi2 2 was not initialized!
2019-05-29T21:34:12.948956+02:00 orcshed kernel: [    4.877710] ipu3-cio2 0000:00:14.3: Entity type for entity ipu3-csi2 3 was not initialized!
2019-05-29T21:34:12.948959+02:00 orcshed kernel: [    4.892630] mwifiex_pcie 0000:01:00.0: enabling device (0000 -> 0002)
2019-05-29T21:34:12.948965+02:00 orcshed kernel: [    4.896141] mwifiex_pcie: try set_consistent_dma_mask(32)
2019-05-29T21:34:12.948968+02:00 orcshed kernel: [    4.896184] mwifiex_pcie: PCI memory map Virt0: 000000002c7dc549 PCI memory map Virt2: 00000000e0d29841
2019-05-29T21:34:12.948971+02:00 orcshed kernel: [    4.897938] snd_hda_codec_realtek hdaudioC0D0: autoconfig for ALC298: line_outs=1 (0x14/0x0/0x0/0x0/0x0) type:speaker
2019-05-29T21:34:12.948974+02:00 orcshed kernel: [    4.897940] snd_hda_codec_realtek hdaudioC0D0:    speaker_outs=0 (0x0/0x0/0x0/0x0/0x0)
2019-05-29T21:34:12.948977+02:00 orcshed kernel: [    4.897941] snd_hda_codec_realtek hdaudioC0D0:    hp_outs=1 (0x21/0x0/0x0/0x0/0x0)
2019-05-29T21:34:12.948980+02:00 orcshed kernel: [    4.897942] snd_hda_codec_realtek hdaudioC0D0:    mono: mono_out=0x0
2019-05-29T21:34:12.948982+02:00 orcshed kernel: [    4.897943] snd_hda_codec_realtek hdaudioC0D0:    inputs:
2019-05-29T21:34:12.948984+02:00 orcshed kernel: [    4.897945] snd_hda_codec_realtek hdaudioC0D0:      Mic=0x18
2019-05-29T21:34:12.948986+02:00 orcshed kernel: [    4.897946] snd_hda_codec_realtek hdaudioC0D0:      Internal Mic=0x12
2019-05-29T21:34:12.948988+02:00 orcshed kernel: [    4.898197] intel-lpss 0000:00:1e.0: enabling device (0000 -> 0002)
2019-05-29T21:34:12.948997+02:00 orcshed kernel: [    4.898883] idma64 idma64.4: Found Intel integrated DMA 64-bit
2019-05-29T21:34:12.949000+02:00 orcshed kernel: [    4.901152] intel_rapl: Found RAPL domain package
2019-05-29T21:34:12.949002+02:00 orcshed kernel: [    4.901153] intel_rapl: Found RAPL domain core
2019-05-29T21:34:12.949005+02:00 orcshed kernel: [    4.901154] intel_rapl: Found RAPL domain uncore
2019-05-29T21:34:12.949008+02:00 orcshed kernel: [    4.901155] intel_rapl: Found RAPL domain dram
2019-05-29T21:34:12.949010+02:00 orcshed kernel: [    4.904646] input: gpio-keys as /devices/platform/gpio-keys.7.auto/input/input31
2019-05-29T21:34:12.949015+02:00 orcshed kernel: [    4.904965] input: gpio-keys as /devices/platform/gpio-keys.8.auto/input/input32
2019-05-29T21:34:12.949020+02:00 orcshed kernel: [    4.912243] IPTS ipts_mei_cl_init() is called
2019-05-29T21:34:12.949021+02:00 orcshed kernel: [    4.912266] probing Intel Precise Touch & Stylus
2019-05-29T21:34:12.949023+02:00 orcshed kernel: [    4.912267] IPTS using DMA_BIT_MASK(64)
2019-05-29T21:34:12.949026+02:00 orcshed kernel: [    4.921620] input: ipts 045E:001F UNKNOWN as /devices/pci0000:00/0000:00:16.4/mei::3e8d0870-271a-4208-8eb5-9acb9402ae04:0F/0044:045E:001F.0003/input/input34
2019-05-29T21:34:12.949030+02:00 orcshed kernel: [    4.921818] input: ipts 045E:001F as /devices/pci0000:00/0000:00:16.4/mei::3e8d0870-271a-4208-8eb5-9acb9402ae04:0F/0044:045E:001F.0003/input/input36
2019-05-29T21:34:12.949034+02:00 orcshed kernel: [    4.921978] input: ipts 045E:001F Touchscreen as /devices/pci0000:00/0000:00:16.4/mei::3e8d0870-271a-4208-8eb5-9acb9402ae04:0F/0044:045E:001F.0003/input/input37
2019-05-29T21:34:12.949049+02:00 orcshed kernel: [    4.922119] input: ipts 045E:001F Mouse as /devices/pci0000:00/0000:00:16.4/mei::3e8d0870-271a-4208-8eb5-9acb9402ae04:0F/0044:045E:001F.0003/input/input38
2019-05-29T21:34:12.949054+02:00 orcshed kernel: [    4.922312] input: ipts 045E:001F UNKNOWN as /devices/pci0000:00/0000:00:16.4/mei::3e8d0870-271a-4208-8eb5-9acb9402ae04:0F/0044:045E:001F.0003/input/input41
2019-05-29T21:34:12.949060+02:00 orcshed kernel: [    4.922450] hid-multitouch 0044:045E:001F.0003: input,hidraw1: <UNKNOWN> HID v3ad00.00 Mouse [ipts 045E:001F] on heci3
2019-05-29T21:34:12.949063+02:00 orcshed kernel: [    4.936928] ipts mei::3e8d0870-271a-4208-8eb5-9acb9402ae04:0F: touch enabled 4
2019-05-29T21:34:12.949065+02:00 orcshed kernel: [    4.950413] input: HDA Intel PCH Mic as /devices/pci0000:00/0000:00:1f.3/sound/card0/input42
2019-05-29T21:34:12.949069+02:00 orcshed kernel: [    4.950508] input: HDA Intel PCH Headphone as /devices/pci0000:00/0000:00:1f.3/sound/card0/input43
2019-05-29T21:34:12.949073+02:00 orcshed kernel: [    4.950595] input: HDA Intel PCH HDMI/DP,pcm=3 as /devices/pci0000:00/0000:00:1f.3/sound/card0/input44
2019-05-29T21:34:12.949091+02:00 orcshed kernel: [    4.950803] input: HDA Intel PCH HDMI/DP,pcm=7 as /devices/pci0000:00/0000:00:1f.3/sound/card0/input45
2019-05-29T21:34:12.949096+02:00 orcshed kernel: [    4.950911] input: HDA Intel PCH HDMI/DP,pcm=8 as /devices/pci0000:00/0000:00:1f.3/sound/card0/input46
2019-05-29T21:34:12.949101+02:00 orcshed kernel: [    4.951042] input: HDA Intel PCH HDMI/DP,pcm=9 as /devices/pci0000:00/0000:00:1f.3/sound/card0/input47
2019-05-29T21:34:12.949107+02:00 orcshed kernel: [    4.951168] input: HDA Intel PCH HDMI/DP,pcm=10 as /devices/pci0000:00/0000:00:1f.3/sound/card0/input48
2019-05-29T21:34:12.949127+02:00 orcshed kernel: [    5.035384] dw-apb-uart.4: ttyS4 at MMIO 0xa1748000 (irq = 20, base_baud = 3000000) is a 16550A
2019-05-29T21:34:12.949130+02:00 orcshed kernel: [    5.054859] serial serial0: tty port ttyS4 registered
2019-05-29T21:34:12.949132+02:00 orcshed kernel: [    5.057609] surfacegen5_acpi_san MSHW0091:00: Linked as a consumer to serial0-0
2019-05-29T21:34:12.949135+02:00 orcshed kernel: [    5.057694] acpi ACPI000E:00: Linked as a consumer to MSHW0091:00
2019-05-29T21:34:12.949136+02:00 orcshed kernel: [    5.057813] ac ACPI0003:00: Linked as a consumer to MSHW0091:00
2019-05-29T21:34:12.949138+02:00 orcshed kernel: [    5.057919] acpi PNP0C0A:00: Linked as a consumer to MSHW0091:00
2019-05-29T21:34:12.949140+02:00 orcshed kernel: [    5.070893] WARNING: CPU: 4 PID: 168 at drivers/base/core.c:485 device_links_driver_bound+0xa5/0xb0
2019-05-29T21:34:12.949143+02:00 orcshed kernel: [    5.070894] Modules linked in: snd_hda_codec_hdmi(E) 8250_dw(E) intel_ipts(E) kvmgt(E) vfio_mdev(E) mdev(E) gpio_keys(E) intel_rapl(E) x86_pkg_temp_thermal(E) snd_hda_codec_realtek(E) intel_powerclamp(E) coretemp(E) snd_hda_codec_generic(E) ledtrig_audio(E) mwifiex_pcie(E) kvm_intel(E) mwifiex(E) kvm(E) ipu3_cio2(E) v4l2_fwnode(E) videobuf2_dma_sg(E) videobuf2_memops(E) irqbypass(E) videobuf2_v4l2(E) hid_sensor_accel_3d(E) videobuf2_common(E) intel_cstate(E) snd_hda_intel(E) hid_sensor_gyro_3d(E) hid_sensor_als(E) hid_sensor_rotation(E) intel_rapl_perf(E) hid_sensor_trigger(E) pcspkr(E) cfg80211(E) industrialio_triggered_buffer(E) snd_hda_codec(E) joydev(E) videodev(E) kfifo_buf(E) hid_sensor_iio_common(E) input_leds(E) industrialio(E) snd_hda_core(E) idma64(E) virt_dma(E) processor_thermal_device(E) mei_me(E) snd_hwdep(E) intel_soc_dts_iosf(E) intel_pch_thermal(E) media(E) snd_pcm(E) mei(E) intel_lpss_pci(E) intel_lpss(E) surfacepro3_button(E) evbug(E) mac_hid(E) soc_button_array(E)
2019-05-29T21:34:12.949215+02:00 orcshed kernel: [    5.070911]  dptf_power(E) int3400_thermal(E) acpi_thermal_rel(E) pinctrl_sunrisepoint(E) int3403_thermal(E) int340x_thermal_zone(E) pinctrl_intel(E) surface_acpi(E) acpi_pad(E) snd_seq(E) snd_seq_device(E) snd_timer(E) snd(E) soundcore(E) vhost_vsock(E) vmw_vsock_virtio_transport_common(E) vsock(E) vhost_net(E) vhost(E) tap(E) uhid(E) hci_vhci(E) bluetooth(E) ecdh_generic(E) vfio_iommu_type1(E) vfio(E) userio(E) btrfs(E) zstd_decompress(E) zstd_compress(E) libcrc32c(E) xor(E) raid6_pq(E) autofs4(E) cuse(E) hid_sensor_hub(E) intel_ishtp_hid(E) hid_multitouch(E) i915(E) crct10dif_pclmul(E) crc32_pclmul(E) ghash_clmulni_intel(E) hid_generic(E) aesni_intel(E) i2c_algo_bit(E) drm_kms_helper(E) aes_x86_64(E) crypto_simd(E) cryptd(E) syscopyarea(E) sysfillrect(E) glue_helper(E) sysimgblt(E) fb_sys_fops(E) drm(E) usbhid(E) hid(E) intel_ish_ipc(E) intel_ishtp(E) wmi(E) video(E)
2019-05-29T21:34:12.949223+02:00 orcshed kernel: [    5.070929] CPU: 4 PID: 168 Comm: kworker/4:1 Tainted: G            E     5.0.19_1 #1
2019-05-29T21:34:12.949225+02:00 orcshed kernel: [    5.070930] Hardware name: Microsoft Corporation Surface Pro 6/Surface Pro 6, BIOS 234.2344.769 09/08/2018
2019-05-29T21:34:12.949228+02:00 orcshed kernel: [    5.070932] Workqueue: events deferred_probe_work_func
2019-05-29T21:34:12.949231+02:00 orcshed kernel: [    5.070934] RIP: 0010:device_links_driver_bound+0xa5/0xb0
2019-05-29T21:34:12.949235+02:00 orcshed kernel: [    5.070935] Code: 48 8b 50 20 48 8d 42 e0 48 39 d1 75 e0 c7 83 c0 00 00 00 02 00 00 00 48 c7 c7 a0 af f7 8a e8 b2 16 38 00 5b 5d c3 0f 0b eb 98 <0f> 0b eb cb 0f 1f 80 00 00 00 00 0f 1f 44 00 00 55 48 89 e5 53 48
2019-05-29T21:34:12.949238+02:00 orcshed kernel: [    5.070935] RSP: 0018:ffffa4d94143fce8 EFLAGS: 00010297
2019-05-29T21:34:12.949239+02:00 orcshed kernel: [    5.070936] RAX: ffff8bd91e1933a8 RBX: ffff8bd92562c8a0 RCX: ffff8bd92562c940
2019-05-29T21:34:12.949241+02:00 orcshed kernel: [    5.070937] RDX: ffff8bd91e1933c8 RSI: ffff8bd9257f34f8 RDI: ffffffff8af7afa0
2019-05-29T21:34:12.949243+02:00 orcshed kernel: [    5.070937] RBP: ffffa4d94143fcf0 R08: 0000000000000000 R09: ffff8bd925798100
2019-05-29T21:34:12.949245+02:00 orcshed kernel: [    5.070938] R10: ffff8bd925798168 R11: 0000000000000001 R12: 0000000000000000
2019-05-29T21:34:12.949252+02:00 orcshed kernel: [    5.070938] R13: 0000000000000000 R14: ffffffffc07ed388 R15: 0000000000000040
2019-05-29T21:34:12.949255+02:00 orcshed kernel: [    5.070939] FS:  0000000000000000(0000) GS:ffff8bd927300000(0000) knlGS:0000000000000000
2019-05-29T21:34:12.949258+02:00 orcshed kernel: [    5.070940] CS:  0010 DS: 0000 ES: 0000 CR0: 0000000080050033
2019-05-29T21:34:12.949260+02:00 orcshed kernel: [    5.070940] CR2: 000055f12abdd200 CR3: 00000001caa0e005 CR4: 00000000003606e0
2019-05-29T21:34:12.949263+02:00 orcshed kernel: [    5.070941] Call Trace:
2019-05-29T21:34:12.949265+02:00 orcshed kernel: [    5.070944]  driver_bound+0x65/0x100
2019-05-29T21:34:12.949267+02:00 orcshed kernel: [    5.070945]  really_probe+0x139/0x3b0
2019-05-29T21:34:12.949269+02:00 orcshed kernel: [    5.070947]  driver_probe_device+0xba/0x100
2019-05-29T21:34:12.949271+02:00 orcshed kernel: [    5.070949]  __device_attach_driver+0x97/0x100
2019-05-29T21:34:12.949273+02:00 orcshed kernel: [    5.070950]  ? __driver_attach+0x110/0x110
2019-05-29T21:34:12.949282+02:00 orcshed kernel: [    5.070951]  bus_for_each_drv+0x7c/0xc0
2019-05-29T21:34:12.949285+02:00 orcshed kernel: [    5.070953]  __device_attach+0xdd/0x160
2019-05-29T21:34:12.949288+02:00 orcshed kernel: [    5.070954]  device_initial_probe+0x13/0x20
2019-05-29T21:34:12.949291+02:00 orcshed kernel: [    5.070955]  bus_probe_device+0x95/0xa0
2019-05-29T21:34:12.949293+02:00 orcshed kernel: [    5.070957]  deferred_probe_work_func+0x79/0xc0
2019-05-29T21:34:12.949295+02:00 orcshed kernel: [    5.070959]  process_one_work+0x20f/0x410
2019-05-29T21:34:12.949298+02:00 orcshed kernel: [    5.070961]  worker_thread+0x34/0x400
2019-05-29T21:34:12.949299+02:00 orcshed kernel: [    5.070962]  kthread+0x120/0x140
2019-05-29T21:34:12.949301+02:00 orcshed kernel: [    5.070963]  ? process_one_work+0x410/0x410
2019-05-29T21:34:12.949303+02:00 orcshed kernel: [    5.070964]  ? __kthread_parkme+0x70/0x70
2019-05-29T21:34:12.949306+02:00 orcshed kernel: [    5.070967]  ret_from_fork+0x35/0x40
2019-05-29T21:34:12.949308+02:00 orcshed kernel: [    5.070968] ---[ end trace 73670d61c2de56d0 ]---
2019-05-29T21:34:12.949310+02:00 orcshed kernel: [    5.086809] EXT4-fs (nvme0n1p2): re-mounted. Opts: (null)
2019-05-29T21:34:12.949311+02:00 orcshed kernel: [    5.089785] battery: ACPI: Battery Slot [BAT1] (battery present)
2019-05-29T21:34:12.949313+02:00 orcshed kernel: [    5.238155] EXT4-fs (nvme0n1p2): re-mounted. Opts: (null)
2019-05-29T21:34:12.949315+02:00 orcshed kernel: [    5.245782] Adding 3935552k swap on /dev/nvme0n1p3.  Priority:-2 extents:1 across:3935552k SSFS
2019-05-29T21:34:12.949318+02:00 orcshed kernel: [    6.381515] mwifiex_pcie 0000:01:00.0: info: FW download over, size 843828 bytes
2019-05-29T21:34:12.949321+02:00 orcshed kernel: [    7.131182] usb 1-5: new high-speed USB device number 3 using xhci_hcd
2019-05-29T21:34:12.949331+02:00 orcshed kernel: [    7.280960] usb 1-5: New USB device found, idVendor=1286, idProduct=204c, bcdDevice=32.01
2019-05-29T21:34:12.949333+02:00 orcshed kernel: [    7.280964] usb 1-5: New USB device strings: Mfr=1, Product=2, SerialNumber=3
2019-05-29T21:34:12.949336+02:00 orcshed kernel: [    7.280967] usb 1-5: Product: Bluetooth and Wireless LAN Composite Device
2019-05-29T21:34:12.949338+02:00 orcshed kernel: [    7.280970] usb 1-5: Manufacturer: Marvell
2019-05-29T21:34:12.949340+02:00 orcshed kernel: [    7.280972] usb 1-5: SerialNumber: 0000000000000000
2019-05-29T21:34:12.949343+02:00 orcshed kernel: [    7.297296] usbcore: registered new interface driver btusb
2019-05-29T21:34:12.949346+02:00 orcshed kernel: [    7.351033] mwifiex_pcie 0000:01:00.0: WLAN FW is active
2019-05-29T21:34:12.949349+02:00 orcshed kernel: [    7.507342] mwifiex_pcie 0000:01:00.0: info: MWIFIEX VERSION: mwifiex 1.0 (15.68.7.p154) 
2019-05-29T21:34:12.949351+02:00 orcshed kernel: [    7.507346] mwifiex_pcie 0000:01:00.0: driver_version = mwifiex 1.0 (15.68.7.p154) 
2019-05-29T21:34:12.949353+02:00 orcshed kernel: [    7.508672] mwifiex_pcie 0000:01:00.0 wlp1s0: renamed from mlan0
2019-05-29T21:34:13.448431+02:00 orcshed kernel: [   10.798921] random: crng init done
2019-05-29T21:34:13.448461+02:00 orcshed kernel: [   10.798928] random: 7 urandom warning(s) missed due to ratelimiting
2019-05-29T21:34:13.459081+02:00 orcshed NetworkManager[851]: <info>  [1559158453.4590] sup-iface[0x5642e9d3d0e0,wlp1s0]: supports 5 scan SSIDs
2019-05-29T21:34:13.460481+02:00 orcshed NetworkManager[851]: <info>  [1559158453.4604] device (wlp1s0): supplicant interface state: starting -> ready
2019-05-29T21:34:13.460692+02:00 orcshed NetworkManager[851]: <info>  [1559158453.4606] Wi-Fi P2P device controlled by interface wlp1s0 created
2019-05-29T21:34:13.461452+02:00 orcshed NetworkManager[851]: <info>  [1559158453.4614] manager: (p2p-dev-wlp1s0): new 802.11 Wi-Fi P2P device (/org/freedesktop/NetworkManager/Devices/3)
2019-05-29T21:34:13.462307+02:00 orcshed NetworkManager[851]: <info>  [1559158453.4622] device (p2p-dev-wlp1s0): state change: unmanaged -> unavailable (reason 'managed', sys-iface-state: 'external')
2019-05-29T21:34:13.464210+02:00 orcshed NetworkManager[851]: <warn>  [1559158453.4641] sup-iface: failed to cancel p2p connect: P2P cancel failed
2019-05-29T21:34:13.464338+02:00 orcshed NetworkManager[851]: <info>  [1559158453.4643] device (p2p-dev-wlp1s0): state change: unavailable -> disconnected (reason 'none', sys-iface-state: 'managed')
2019-05-29T21:34:13.465035+02:00 orcshed NetworkManager[851]: <info>  [1559158453.4650] device (wlp1s0): state change: unavailable -> disconnected (reason 'supplicant-available', sys-iface-state: 'managed')
2019-05-29T21:34:13.465602+02:00 orcshed NetworkManager[851]: <warn>  [1559158453.4655] supplicant: failed to set WFD IEs on wpa_supplicant: GDBus.Error:org.freedesktop.DBus.Error.InvalidArgs: No such property
2019-05-29T21:34:13.465980+02:00 orcshed sshd[847]: Server listening on 0.0.0.0 port 22.
2019-05-29T21:34:13.466007+02:00 orcshed sshd[847]: Server listening on :: port 22.
2019-05-29T21:34:17.603827+02:00 orcshed NetworkManager[851]: <info>  [1559158457.6038] policy: auto-activating connection 'home' (e6b33abd-02d2-45d7-bbee-27bbace7b094)
2019-05-29T21:34:17.604328+02:00 orcshed NetworkManager[851]: <info>  [1559158457.6043] device (wlp1s0): Activation: starting connection 'home' (e6b33abd-02d2-45d7-bbee-27bbace7b094)
2019-05-29T21:34:17.604434+02:00 orcshed NetworkManager[851]: <info>  [1559158457.6044] device (wlp1s0): state change: disconnected -> prepare (reason 'none', sys-iface-state: 'managed')
2019-05-29T21:34:17.604704+02:00 orcshed NetworkManager[851]: <info>  [1559158457.6046] manager: NetworkManager state is now CONNECTING
2019-05-29T21:34:17.605011+02:00 orcshed NetworkManager[851]: <info>  [1559158457.6050] device (wlp1s0): state change: prepare -> config (reason 'none', sys-iface-state: 'managed')
2019-05-29T21:34:17.605257+02:00 orcshed NetworkManager[851]: <info>  [1559158457.6052] device (wlp1s0): Activation: (wifi) access point 'home' has security, but secrets are required.
2019-05-29T21:34:17.605275+02:00 orcshed NetworkManager[851]: <info>  [1559158457.6052] device (wlp1s0): state change: config -> need-auth (reason 'none', sys-iface-state: 'managed')
2019-05-29T21:34:17.605444+02:00 orcshed NetworkManager[851]: <info>  [1559158457.6054] sup-iface[0x5642e9d3d0e0,wlp1s0]: wps: type pbc start...
2019-05-29T21:34:17.606472+02:00 orcshed NetworkManager[851]: <info>  [1559158457.6064] device (wlp1s0): state change: need-auth -> prepare (reason 'none', sys-iface-state: 'managed')
2019-05-29T21:34:17.606853+02:00 orcshed NetworkManager[851]: <info>  [1559158457.6068] device (wlp1s0): state change: prepare -> config (reason 'none', sys-iface-state: 'managed')
2019-05-29T21:34:17.607072+02:00 orcshed NetworkManager[851]: <info>  [1559158457.6070] device (wlp1s0): Activation: (wifi) connection 'home' has security, and secrets exist.  No new secrets needed.
2019-05-29T21:34:17.608907+02:00 orcshed NetworkManager[851]: <info>  [1559158457.6089] Config: added 'ssid' value 'UPCE1743E2'
2019-05-29T21:34:17.608918+02:00 orcshed NetworkManager[851]: <info>  [1559158457.6089] Config: added 'scan_ssid' value '1'
2019-05-29T21:34:17.608928+02:00 orcshed NetworkManager[851]: <info>  [1559158457.6089] Config: added 'bgscan' value 'simple:30:-80:86400'
2019-05-29T21:34:17.608947+02:00 orcshed NetworkManager[851]: <info>  [1559158457.6089] Config: added 'key_mgmt' value 'WPA-PSK'
2019-05-29T21:34:17.608957+02:00 orcshed NetworkManager[851]: <info>  [1559158457.6089] Config: added 'psk' value '<hidden>'
2019-05-29T21:34:17.620232+02:00 orcshed kernel: [   14.968655] mwifiex_pcie 0000:01:00.0: info: trying to associate to 'UPCE1743E2' bssid 90:5c:44:71:cd:03
2019-05-29T21:34:17.769739+02:00 orcshed NetworkManager[851]: <info>  [1559158457.7697] device (wlp1s0): supplicant interface state: ready -> associating
2019-05-29T21:34:17.769782+02:00 orcshed NetworkManager[851]: <info>  [1559158457.7697] device (p2p-dev-wlp1s0): supplicant management interface state: ready -> associating
2019-05-29T21:34:17.772333+02:00 orcshed kernel: [   15.119445] mwifiex_pcie 0000:01:00.0: info: associated to bssid 90:5c:44:71:cd:03 successfully
2019-05-29T21:34:17.775796+02:00 orcshed NetworkManager[851]: <info>  [1559158457.7757] device (wlp1s0): supplicant interface state: associating -> 4-way handshake
2019-05-29T21:34:17.775837+02:00 orcshed NetworkManager[851]: <info>  [1559158457.7758] device (p2p-dev-wlp1s0): supplicant management interface state: associating -> 4-way handshake
2019-05-29T21:34:17.780101+02:00 orcshed kernel: [   15.128233] IPv6: ADDRCONF(NETDEV_CHANGE): wlp1s0: link becomes ready
2019-05-29T21:34:17.782671+02:00 orcshed NetworkManager[851]: <info>  [1559158457.7826] device (wlp1s0): supplicant interface state: 4-way handshake -> completed
2019-05-29T21:34:17.782729+02:00 orcshed NetworkManager[851]: <info>  [1559158457.7827] device (wlp1s0): Activation: (wifi) Stage 2 of 5 (Device Configure) successful. Connected to wireless network "UPCE1743E2"
2019-05-29T21:34:17.782773+02:00 orcshed NetworkManager[851]: <info>  [1559158457.7827] device (p2p-dev-wlp1s0): supplicant management interface state: 4-way handshake -> completed
2019-05-29T21:34:17.783200+02:00 orcshed NetworkManager[851]: <info>  [1559158457.7831] device (wlp1s0): state change: config -> ip-config (reason 'none', sys-iface-state: 'managed')
2019-05-29T21:34:17.784224+02:00 orcshed NetworkManager[851]: <info>  [1559158457.7842] dhcp4 (wlp1s0): activation: beginning transaction (timeout in 45 seconds)
2019-05-29T21:34:18.542480+02:00 orcshed root: PowerButton pressed: PBTN, shutting down...
2019-05-29T21:34:18.548119+02:00 orcshed kernel: [   15.896653] IPTS ipts_mei_cl_exit() is called
2019-05-29T21:34:18.908293+02:00 orcshed kernel: [   16.255776] ipts mei::3e8d0870-271a-4208-8eb5-9acb9402ae04:0F: error in reading m2h msg
2019-05-29T21:34:18.908323+02:00 orcshed kernel: [   16.255899] IPTS removed
2019-05-29T21:34:18.996022+02:00 orcshed kernel: [   16.346128] mwifiex_pcie 0000:01:00.0: info: successfully disconnected from 90:5c:44:71:cd:03: reason code 3
2019-05-29T21:34:18.998051+02:00 orcshed NetworkManager[851]: <warn>  [1559158458.9980] sup-iface[0x5642e9d3d0e0,wlp1s0]: connection disconnected (reason -3)
2019-05-29T21:34:19.000114+02:00 orcshed kernel: [   16.348045] mwifiex_pcie 0000:01:00.0: PREP_CMD: FW in reset state
2019-05-29T21:34:19.000134+02:00 orcshed kernel: [   16.348050] mwifiex_pcie 0000:01:00.0: deleting the crypto keys
2019-05-29T21:34:19.000138+02:00 orcshed kernel: [   16.348052] mwifiex_pcie 0000:01:00.0: PREP_CMD: FW in reset state
2019-05-29T21:34:19.000140+02:00 orcshed kernel: [   16.348054] mwifiex_pcie 0000:01:00.0: deleting the crypto keys
2019-05-29T21:34:19.000142+02:00 orcshed kernel: [   16.348056] mwifiex_pcie 0000:01:00.0: PREP_CMD: FW in reset state
2019-05-29T21:34:19.000145+02:00 orcshed kernel: [   16.348058] mwifiex_pcie 0000:01:00.0: deleting the crypto keys
2019-05-29T21:34:19.000147+02:00 orcshed kernel: [   16.348060] mwifiex_pcie 0000:01:00.0: PREP_CMD: FW in reset state
2019-05-29T21:34:19.000149+02:00 orcshed kernel: [   16.348062] mwifiex_pcie 0000:01:00.0: deleting the crypto keys
2019-05-29T21:34:19.000151+02:00 orcshed kernel: [   16.348063] mwifiex_pcie 0000:01:00.0: PREP_CMD: FW in reset state
2019-05-29T21:34:19.000153+02:00 orcshed kernel: [   16.348065] mwifiex_pcie 0000:01:00.0: deleting the crypto keys
2019-05-29T21:34:19.004063+02:00 orcshed kernel: [   16.354308] mwifiex_pcie 0000:01:00.0: info: shutdown mwifiex...
2019-05-29T21:34:19.008347+02:00 orcshed kernel: [   16.355145] mwifiex_pcie 0000:01:00.0: PREP_CMD: card is removed
2019-05-29T21:34:19.008375+02:00 orcshed kernel: [   16.355155] mwifiex_pcie 0000:01:00.0: PREP_CMD: card is removed
2019-05-29T21:34:19.030475+02:00 orcshed NetworkManager[851]: <info>  [1559158459.0304] device (wlp1s0): supplicant interface state: completed -> disconnected
2019-05-29T21:34:19.030531+02:00 orcshed NetworkManager[851]: <info>  [1559158459.0305] device (p2p-dev-wlp1s0): supplicant management interface state: completed -> disconnected
2019-05-29T21:34:19.049739+02:00 orcshed NetworkManager[851]: <info>  [1559158459.0497] device (wlp1s0): state change: ip-config -> unmanaged (reason 'removed', sys-iface-state: 'removed')
2019-05-29T21:34:19.100433+02:00 orcshed NetworkManager[851]: <info>  [1559158459.1003] dhcp4 (wlp1s0): canceled DHCP transaction
2019-05-29T21:34:19.100495+02:00 orcshed NetworkManager[851]: <info>  [1559158459.1004] dhcp4 (wlp1s0): state changed unknown -> done
2019-05-29T21:34:19.103559+02:00 orcshed NetworkManager[851]: <info>  [1559158459.1035] manager: NetworkManager state is now DISCONNECTED
2019-05-29T21:34:19.106280+02:00 orcshed NetworkManager[851]: <info>  [1559158459.1062] device (p2p-dev-wlp1s0): state change: disconnected -> unmanaged (reason 'removed', sys-iface-state: 'removed')
